Component: ARM Compiler 5.06 update 7 (build 960) Tool: armlink [4d3601]

==============================================================================

Section Cross References

    startup_stm32g031xx.o(STACK) refers (Special) to heapauxi.o(.text) for __use_two_region_memory
    startup_stm32g031xx.o(HEAP) refers (Special) to heapauxi.o(.text) for __use_two_region_memory
    startup_stm32g031xx.o(RESET) refers (Special) to heapauxi.o(.text) for __use_two_region_memory
    startup_stm32g031xx.o(RESET) refers to startup_stm32g031xx.o(STACK) for __initial_sp
    startup_stm32g031xx.o(RESET) refers to startup_stm32g031xx.o(.text) for Reset_Handler
    startup_stm32g031xx.o(RESET) refers to stm32g0xx_it.o(i.NMI_Handler) for NMI_Handler
    startup_stm32g031xx.o(RESET) refers to stm32g0xx_it.o(i.HardFault_Handler) for HardFault_Handler
    startup_stm32g031xx.o(RESET) refers to stm32g0xx_it.o(i.SVC_Handler) for SVC_Handler
    startup_stm32g031xx.o(RESET) refers to stm32g0xx_it.o(i.PendSV_Handler) for PendSV_Handler
    startup_stm32g031xx.o(RESET) refers to delay.o(i.SysTick_Handler) for SysTick_Handler
    startup_stm32g031xx.o(RESET) refers to exti.o(i.EXTI0_1_IRQHandler) for EXTI0_1_IRQHandler
    startup_stm32g031xx.o(RESET) refers to exti.o(i.EXTI2_3_IRQHandler) for EXTI2_3_IRQHandler
    startup_stm32g031xx.o(RESET) refers to main.o(i.EXTI4_15_IRQHandler) for EXTI4_15_IRQHandler
    startup_stm32g031xx.o(RESET) refers to stm32g0xx_it.o(i.I2C1_IRQHandler) for I2C1_IRQHandler
    startup_stm32g031xx.o(.text) refers (Special) to heapauxi.o(.text) for __use_two_region_memory
    startup_stm32g031xx.o(.text) refers to system_stm32g0xx.o(i.SystemInit) for SystemInit
    startup_stm32g031xx.o(.text) refers to __main.o(!!!main) for __main
    startup_stm32g031xx.o(.text) refers to startup_stm32g031xx.o(HEAP) for Heap_Mem
    startup_stm32g031xx.o(.text) refers to startup_stm32g031xx.o(STACK) for Stack_Mem
    i2c.o(i.I2C_read_reg) refers to main.o(i.Error_Handler) for Error_Handler
    i2c.o(i.I2C_read_reg) refers to i2c.o(i.LL_I2C_HandleTransfer) for LL_I2C_HandleTransfer
    i2c.o(i.I2C_write_reg) refers to main.o(i.Error_Handler) for Error_Handler
    i2c.o(i.I2C_write_reg) refers to i2c.o(i.LL_I2C_HandleTransfer) for LL_I2C_HandleTransfer
    i2c.o(i.MX_I2C1_Init) refers to rt_memclr.o(.text) for __aeabi_memclr4
    i2c.o(i.MX_I2C1_Init) refers to i2c.o(i.LL_IOP_GRP1_EnableClock) for LL_IOP_GRP1_EnableClock
    i2c.o(i.MX_I2C1_Init) refers to stm32g0xx_ll_gpio.o(i.LL_GPIO_Init) for LL_GPIO_Init
    i2c.o(i.MX_I2C1_Init) refers to i2c.o(i.LL_APB1_GRP1_EnableClock) for LL_APB1_GRP1_EnableClock
    i2c.o(i.MX_I2C1_Init) refers to stm32g0xx_ll_i2c.o(i.LL_I2C_Init) for LL_I2C_Init
    i2c.o(i.MX_I2C2_Init) refers to rt_memclr.o(.text) for __aeabi_memclr4
    i2c.o(i.MX_I2C2_Init) refers to i2c.o(i.LL_IOP_GRP1_EnableClock) for LL_IOP_GRP1_EnableClock
    i2c.o(i.MX_I2C2_Init) refers to stm32g0xx_ll_gpio.o(i.LL_GPIO_Init) for LL_GPIO_Init
    i2c.o(i.MX_I2C2_Init) refers to i2c.o(i.LL_APB1_GRP1_EnableClock) for LL_APB1_GRP1_EnableClock
    i2c.o(i.MX_I2C2_Init) refers to stm32g0xx_ll_i2c.o(i.LL_I2C_Init) for LL_I2C_Init
    usart.o(i.MX_USART2_UART_Init) refers to rt_memclr.o(.text) for __aeabi_memclr4
    usart.o(i.MX_USART2_UART_Init) refers to stm32g0xx_ll_gpio.o(i.LL_GPIO_Init) for LL_GPIO_Init
    usart.o(i.MX_USART2_UART_Init) refers to stm32g0xx_ll_usart.o(i.LL_USART_Init) for LL_USART_Init
    stm32g0xx_it.o(i.I2C1_IRQHandler) refers to main.o(i.Address_Matching_Callback) for Address_Matching_Callback
    stm32g0xx_it.o(i.I2C1_IRQHandler) refers to main.o(i.Slave_Reception_Callback) for Slave_Reception_Callback
    stm32g0xx_it.o(i.I2C1_IRQHandler) refers to main.o(i.Slave_Sending_Callback) for Slave_Sending_Callback
    stm32g0xx_it.o(i.I2C1_IRQHandler) refers to main.o(i.Slave_Complete_Callback) for Slave_Complete_Callback
    main.o(i.Address_Matching_Callback) refers to main.o(.data) for .data
    main.o(i.EXTI4_15_IRQHandler) refers to main.o(i._Z10ZT7548_INTv) for ZT7548_INT()
    main.o(i.Slave_Complete_Callback) refers to arduino.o(i.digitalWrite) for digitalWrite
    main.o(i.Slave_Complete_Callback) refers to main.o(.bss) for .bss
    main.o(i.Slave_Reception_Callback) refers to main.o(.bss) for .bss
    main.o(i.Slave_Reception_Callback) refers to main.o(.data) for .data
    main.o(i.Slave_Sending_Callback) refers to main.o(.bss) for .bss
    main.o(i.Slave_Sending_Callback) refers to main.o(.data) for .data
    main.o(i._Z10ZT7548_INTv) refers to i2c.o(i.I2C_read_reg) for I2C_read_reg
    main.o(i._Z10ZT7548_INTv) refers to delay.o(i.delay_us) for delay_us
    main.o(i._Z10ZT7548_INTv) refers to i2c.o(i.I2C_write_reg) for I2C_write_reg
    main.o(i._Z10ZT7548_INTv) refers to arduino.o(i.digitalWrite) for digitalWrite
    main.o(i._Z10ZT7548_INTv) refers to main.o(.bss) for .bss
    main.o(i._Z12MX_GPIO_Initv) refers to rt_memclr.o(.text) for __aeabi_memclr4
[...]
    Removing stm32g0xx_ll_lptim.o(i.LL_LPTIM_Disable), (252 bytes).
    Removing stm32g0xx_ll_lptim.o(i.LL_LPTIM_Init), (48 bytes).
    Removing stm32g0xx_ll_lptim.o(i.LL_LPTIM_StructInit), (12 bytes).
    Removing stm32g0xx_ll_lptim.o(i.LL_RCC_GetLPTIMClockSource), (16 bytes).
    Removing stm32g0xx_ll_lptim.o(i.LL_RCC_SetLPTIMClockSource), (24 bytes).
    Removing stm32g0xx_ll_lpuart.o(.rev16_text), (4 bytes).
    Removing stm32g0xx_ll_lpuart.o(.revsh_text), (4 bytes).
    Removing stm32g0xx_ll_lpuart.o(i.LL_LPUART_DeInit), (40 bytes).
    Removing stm32g0xx_ll_lpuart.o(i.LL_LPUART_Init), (156 bytes).
    Removing stm32g0xx_ll_lpuart.o(i.LL_LPUART_StructInit), (22 bytes).
    Removing stm32g0xx_ll_lpuart.o(.constdata), (24 bytes).
    Removing stm32g0xx_ll_rng.o(.rev16_text), (4 bytes).
    Removing stm32g0xx_ll_rng.o(.revsh_text), (4 bytes).
    Removing stm32g0xx_ll_rtc.o(.rev16_text), (4 bytes).
    Removing stm32g0xx_ll_rtc.o(.revsh_text), (4 bytes).
    Removing stm32g0xx_ll_rtc.o(i.LL_RTC_ALMA_ConfigTime), (36 bytes).
    Removing stm32g0xx_ll_rtc.o(i.LL_RTC_ALMA_Init), (200 bytes).
    Removing stm32g0xx_ll_rtc.o(i.LL_RTC_ALMA_StructInit), (20 bytes).
    Removing stm32g0xx_ll_rtc.o(i.LL_RTC_ALMB_ConfigTime), (36 bytes).
    Removing stm32g0xx_ll_rtc.o(i.LL_RTC_ALMB_Init), (200 bytes).
    Removing stm32g0xx_ll_rtc.o(i.LL_RTC_ALMB_StructInit), (20 bytes).
    Removing stm32g0xx_ll_rtc.o(i.LL_RTC_DATE_Config), (40 bytes).
    Removing stm32g0xx_ll_rtc.o(i.LL_RTC_DATE_Init), (148 bytes).
    Removing stm32g0xx_ll_rtc.o(i.LL_RTC_DATE_StructInit), (14 bytes).
    Removing stm32g0xx_ll_rtc.o(i.LL_RTC_DeInit), (96 bytes).
    Removing stm32g0xx_ll_rtc.o(i.LL_RTC_EnterInitMode), (76 bytes).
    Removing stm32g0xx_ll_rtc.o(i.LL_RTC_ExitInitMode), (10 bytes).
    Removing stm32g0xx_ll_rtc.o(i.LL_RTC_Init), (82 bytes).
    Removing stm32g0xx_ll_rtc.o(i.LL_RTC_StructInit), (14 bytes).
    Removing stm32g0xx_ll_rtc.o(i.LL_RTC_TIME_Config), (36 bytes).
    Removing stm32g0xx_ll_rtc.o(i.LL_RTC_TIME_Init), (142 bytes).
    Removing stm32g0xx_ll_rtc.o(i.LL_RTC_TIME_StructInit), (12 bytes).
    Removing stm32g0xx_ll_rtc.o(i.LL_RTC_WaitForSynchro), (116 bytes).
    Removing stm32g0xx_ll_spi.o(.rev16_text), (4 bytes).
    Removing stm32g0xx_ll_spi.o(.revsh_text), (4 bytes).
    Removing stm32g0xx_ll_spi.o(i.LL_I2S_ConfigPrescaler), (16 bytes).
    Removing stm32g0xx_ll_spi.o(i.LL_I2S_DeInit), (8 bytes).
    Removing stm32g0xx_ll_spi.o(i.LL_I2S_Init), (156 bytes).
    Removing stm32g0xx_ll_spi.o(i.LL_I2S_StructInit), (18 bytes).
    Removing stm32g0xx_ll_spi.o(i.LL_SPI_DeInit), (68 bytes).
    Removing stm32g0xx_ll_spi.o(i.LL_SPI_Init), (128 bytes).
    Removing stm32g0xx_ll_spi.o(i.LL_SPI_StructInit), (30 bytes).
    Removing stm32g0xx_ll_tim.o(.rev16_text), (4 bytes).
    Removing stm32g0xx_ll_tim.o(.revsh_text), (4 bytes).
    Removing stm32g0xx_ll_tim.o(i.LL_APB2_GRP1_ForceReset), (16 bytes).
    Removing stm32g0xx_ll_tim.o(i.LL_APB2_GRP1_ReleaseReset), (16 bytes).
    Removing stm32g0xx_ll_tim.o(i.LL_TIM_BDTR_Init), (140 bytes).
    Removing stm32g0xx_ll_tim.o(i.LL_TIM_BDTR_StructInit), (30 bytes).
    Removing stm32g0xx_ll_tim.o(i.LL_TIM_DeInit), (140 bytes).
    Removing stm32g0xx_ll_tim.o(i.LL_TIM_ENCODER_Init), (100 bytes).
    Removing stm32g0xx_ll_tim.o(i.LL_TIM_ENCODER_StructInit), (28 bytes).
    Removing stm32g0xx_ll_tim.o(i.LL_TIM_HALLSENSOR_Init), (96 bytes).
    Removing stm32g0xx_ll_tim.o(i.LL_TIM_HALLSENSOR_StructInit), (12 bytes).
    Removing stm32g0xx_ll_tim.o(i.LL_TIM_IC_Init), (218 bytes).
    Removing stm32g0xx_ll_tim.o(i.LL_TIM_IC_StructInit), (14 bytes).
    Removing stm32g0xx_ll_tim.o(i.LL_TIM_Init), (132 bytes).
    Removing stm32g0xx_ll_tim.o(i.LL_TIM_OC_Init), (356 bytes).
    Removing stm32g0xx_ll_tim.o(i.LL_TIM_OC_StructInit), (20 bytes).
    Removing stm32g0xx_ll_tim.o(i.LL_TIM_StructInit), (16 bytes).
    Removing stm32g0xx_ll_tim.o(i.OC1Config), (136 bytes).
    Removing stm32g0xx_ll_tim.o(i.OC2Config), (144 bytes).
    Removing stm32g0xx_ll_tim.o(i.OC3Config), (144 bytes).
    Removing system_stm32g0xx.o(.rev16_text), (4 bytes).
    Removing system_stm32g0xx.o(.revsh_text), (4 bytes).
    Removing wire.o(.rev16_text), (4 bytes).
    Removing wire.o(.revsh_text), (4 bytes).
    Removing wire.o(i._ZN7TwoWire11i2c_get_ackEv), (144 bytes).
    Removing wire.o(i._ZN7TwoWire12i2c_send_ackEv), (92 bytes).
    Removing wire.o(i._ZN7TwoWire12i2c_shift_inEv), (132 bytes).
    Removing wire.o(i._ZN7TwoWire13i2c_send_nackEv), (92 bytes).
    Removing wire.o(i._ZN7TwoWire13i2c_shift_outEh), (108 bytes).
    Removing wire.o(i._ZN7TwoWire5beginEh), (54 bytes).
    Removing wire.o(i._ZN7TwoWire7processEv), (170 bytes).
    Removing wire.o(i._ZN7TwoWire7set_sclEb), (30 bytes).
    Removing wire.o(i._ZN7TwoWire7set_sdaEb), (12 bytes).
    Removing wire.o(i._ZN7TwoWire8i2c_stopEv), (92 bytes).
    Removing wire.o(i._ZN7TwoWire9i2c_startEv), (64 bytes).
    Removing wire.o(.ARM.exidx), (8 bytes).
    Removing wire.o(.ARM.exidx), (8 bytes).
    Removing wire.o(.ARM.exidx), (8 bytes).
    Removing wire.o(.ARM.exidx), (8 bytes).
    Removing wire.o(.ARM.exidx), (8 bytes).
    Removing wire.o(.ARM.exidx), (8 bytes).
    Removing wire.o(.ARM.exidx), (8 bytes).
    Removing wire.o(.ARM.exidx), (8 bytes).
    Removing wire.o(.ARM.exidx), (8 bytes).
    Removing wire.o(.ARM.exidx), (8 bytes).
    Removing wire.o(.ARM.exidx), (8 bytes).
    Removing wire.o(.ARM.exidx), (8 bytes).
    Removing wire.o(.ARM.exidx), (8 bytes).
    Removing wire.o(.ARM.exidx), (8 bytes).
    Removing wirebase.o(.rev16_text), (4 bytes).
    Removing wirebase.o(.revsh_text), (4 bytes).
    Removing wirebase.o(i._ZN8WireBase11requestFromEhi), (56 bytes).
    Removing wirebase.o(i._ZN8WireBase11requestFromEii), (10 bytes).
    Removing wirebase.o(i._ZN8WireBase15endTransmissionEv), (30 bytes).
    Removing wirebase.o(i._ZN8WireBase17beginTransmissionEh), (22 bytes).
    Removing wirebase.o(i._ZN8WireBase17beginTransmissionEi), (10 bytes).
    Removing wirebase.o(i._ZN8WireBase4readEv), (48 bytes).
    Removing wirebase.o(i._ZN8WireBase5beginEh), (18 bytes).
    Removing wirebase.o(i._ZN8WireBase5writeEPc), (24 bytes).
    Removing wirebase.o(i._ZN8WireBase5writeEPhi), (30 bytes).
    Removing wirebase.o(i._ZN8WireBase5writeEPii), (10 bytes).
    Removing wirebase.o(i._ZN8WireBase5writeEh), (36 bytes).
    Removing wirebase.o(i._ZN8WireBase5writeEi), (10 bytes).
    Removing wirebase.o(i._ZN8WireBase8setClockEj), (2 bytes).
    Removing wirebase.o(i._ZN8WireBase9availableEv), (12 bytes).
    Removing wirebase.o(.ARM.exidx), (8 bytes).
    Removing wirebase.o(.ARM.exidx), (8 bytes).
    Removing wirebase.o(.ARM.exidx), (8 bytes).
    Removing wirebase.o(.ARM.exidx), (8 bytes).
    Removing wirebase.o(.ARM.exidx), (8 bytes).
    Removing wirebase.o(.ARM.exidx), (8 bytes).
    Removing wirebase.o(.ARM.exidx), (8 bytes).
    Removing wirebase.o(.ARM.exidx), (8 bytes).
    Removing wirebase.o(.ARM.exidx), (8 bytes).
    Removing wirebase.o(.ARM.exidx), (8 bytes).
    Removing wirebase.o(.ARM.exidx), (8 bytes).
    Removing wirebase.o(.ARM.exidx), (8 bytes).
    Removing wirebase.o(.ARM.exidx), (8 bytes).
    Removing wirebase.o(.ARM.exidx), (8 bytes).
    Removing arduino.o(.rev16_text), (4 bytes).
    Removing arduino.o(.revsh_text), (4 bytes).
    Removing arduino.o(i.analogRead), (4 bytes).
    Removing arduino.o(i.analogRead_DMA), (24 bytes).
    Removing arduino.o(i.analogWrite), (4 bytes).
    Removing arduino.o(i.digitalRead), (36 bytes).
    Removing arduino.o(i.fmap), (80 bytes).
    Removing arduino.o(i.map), (22 bytes).
    Removing arduino.o(i.pulseIn), (4 bytes).
    Removing arduino.o(i.shiftIn), (76 bytes).
    Removing arduino.o(i.shiftOut), (88 bytes).
    Removing arduino.o(i.yield), (2 bytes).
    Removing gpio.o(.rev16_text), (4 bytes).
    Removing gpio.o(.revsh_text), (4 bytes).
    Removing gpio.o(i.GPIO_GetPinNum), (24 bytes).
    Removing gpio.o(i.GPIO_GetPinSource), (18 bytes).
    Removing gpio.o(i.GPIO_GetPortNum), (84 bytes).
    Removing delay.o(.rev16_text), (4 bytes).
    Removing delay.o(.revsh_text), (4 bytes).
    Removing delay.o(i.InternalClocks_Init), (2 bytes).
    Removing delay.o(i.micros), (68 bytes).
    Removing delay.o(i.millis), (12 bytes).
    Removing exti.o(.rev16_text), (4 bytes).
    Removing exti.o(.revsh_text), (4 bytes).
    Removing exti.o(i.EXTI_GetIRQn), (36 bytes).
    Removing exti.o(i.EXTIx_Init), (212 bytes).
    Removing exti.o(i.attachInterrupt), (10 bytes).
    Removing exti.o(i.detachInterrupt), (40 bytes).
    Removing wire.o(.constdata__ZTI7TwoWire), (12 bytes).
    Removing wire.o(.constdata__ZTS7TwoWire), (9 bytes).
    Removing wirebase.o(.constdata__ZTV8WireBase), (16 bytes).
    Removing wirebase.o(.constdata__ZTI8WireBase), (8 bytes).
    Removing wirebase.o(.constdata__ZTS8WireBase), (10 bytes).

252 unused section(s) (total 9824 bytes) removed from the image.

==============================================================================

Image Symbol Table

    Local Symbols

    Symbol Name                              Value     Ov Type        Size  Object(Section)

    ../../../edgfe/lib_src/arm_exceptions.c  0x00000000   Number         0  arm_exceptions_callterm.o ABSOLUTE
    ../../../edgfe/lib_src/arm_exceptions.c  0x00000000   Number         0  arm_exceptions_globs.o ABSOLUTE
    ../../../edgfe/lib_src/arm_exceptions.c  0x00000000   Number         0  arm_exceptions_terminate.o ABSOLUTE
    ../../../edgfe/lib_src/arm_exceptions.c  0x00000000   Number         0  arm_exceptions_support.o ABSOLUTE
    ../../../edgfe/lib_src/arm_exceptions.c  0x00000000   Number         0  arm_exceptions_mem.o ABSOLUTE
    ../../../edgfe/lib_src/arm_noexceptions.c 0x00000000   Number         0  arm_begincatch_noexceptions.o ABSOLUTE
    ../../../edgfe/lib_src/pure_virt.c       0x00000000   Number         0  pure_virt.o ABSOLUTE
    ../../../edgfe/lib_src/typeinfo.c        0x00000000   Number         0  lib_rtti_impl.o ABSOLUTE
    ../../../edgfe/lib_src/typeinfo.c        0x00000000   Number         0  type_info_dtor.o ABSOLUTE
    ../Core/Src/i2c.c                        0x00000000   Number         0  i2c.o ABSOLUTE
    ../Core/Src/iwdg.c                       0x00000000   Number         0  iwdg.o ABSOLUTE
    ../Core/Src/stm32g0xx_it.c               0x00000000   Number         0  stm32g0xx_it.o ABSOLUTE
    ../Core/Src/system_stm32g0xx.c           0x00000000   Number         0  system_stm32g0xx.o ABSOLUTE
    ../Core/Src/usart.c                      0x00000000   Number         0  usart.o ABSOLUTE
    ../Drivers/STM32G0xx_HAL_Driver/Src/stm32g0xx_ll_dma.c 0x00000000   Number         0  stm32g0xx_ll_dma.o ABSOLUTE
    ../Drivers/STM32G0xx_HAL_Driver/Src/stm32g0xx_ll_exti.c 0x00000000   Number         0  stm32g0xx_ll_exti.o ABSOLUTE
    ../Drivers/STM32G0xx_HAL_Driver/Src/stm32g0xx_ll_gpio.c 0x00000000   Number         0  stm32g0xx_ll_gpio.o ABSOLUTE
    ../Drivers/STM32G0xx_HAL_Driver/Src/stm32g0xx_ll_i2c.c 0x00000000   Number         0  stm32g0xx_ll_i2c.o ABSOLUTE
    ../Drivers/STM32G0xx_HAL_Driver/Src/stm32g0xx_ll_pwr.c 0x00000000   Number         0  stm32g0xx_ll_pwr.o ABSOLUTE
    ../Drivers/STM32G0xx_HAL_Driver/Src/stm32g0xx_ll_rcc.c 0x00000000   Number         0  stm32g0xx_ll_rcc.o ABSOLUTE
    ../Drivers/STM32G0xx_HAL_Driver/Src/stm32g0xx_ll_usart.c 0x00000000   Number         0  stm32g0xx_ll_usart.o ABSOLUTE
    ../Drivers/STM32G0xx_HAL_Driver/Src/stm32g0xx_ll_utils.c 0x00000000   Number         0  stm32g0xx_ll_utils.o ABSOLUTE
    ../clib/angel/boardlib.s                 0x00000000   Number         0  boardinit1.o ABSOLUTE
    ../clib/angel/boardlib.s                 0x00000000   Number         0  boardinit2.o ABSOLUTE
    ../clib/angel/boardlib.s                 0x00000000   Number         0  boardshut.o ABSOLUTE
    ../clib/angel/boardlib.s                 0x00000000   Number         0  boardinit3.o ABSOLUTE
    ../clib/angel/handlers.s                 0x00000000   Number         0  __scatter_copy.o ABSOLUTE
    ../clib/angel/handlers.s                 0x00000000   Number         0  __scatter_zi.o ABSOLUTE
    ../clib/angel/kernel.s                   0x00000000   Number         0  rtexit.o ABSOLUTE
    ../clib/angel/kernel.s                   0x00000000   Number         0  rtexit2.o ABSOLUTE
    ../clib/angel/kernel.s                   0x00000000   Number         0  __rtentry.o ABSOLUTE
    ../clib/angel/kernel.s                   0x00000000   Number         0  __rtentry4.o ABSOLUTE
    ../clib/angel/kernel.s                   0x00000000   Number         0  __rtentry2.o ABSOLUTE
    ../clib/angel/rt.s                       0x00000000   Number         0  aeabi_idiv0.o ABSOLUTE
    ../clib/angel/rt.s                       0x00000000   Number         0  aeabi_idiv0_sigfpe.o ABSOLUTE
    ../clib/angel/rt.s                       0x00000000   Number         0  rt_heap_descriptor.o ABSOLUTE
    ../clib/angel/rt.s                       0x00000000   Number         0  aeabi_ldiv0.o ABSOLUTE
    ../clib/angel/rt.s                       0x00000000   Number         0  aeabi_ldiv0_sigfpe.o ABSOLUTE
    ../clib/angel/rt.s                       0x00000000   Number         0  rt_raise.o ABSOLUTE
    ../clib/angel/rt.s                       0x00000000   Number         0  rt_ddtor_pointer_addr.o ABSOLUTE
    ../clib/angel/rt.s                       0x00000000   Number         0  rt_ddtor_pointer_addr_intlibspace.o ABSOLUTE
    ../clib/angel/rt.s                       0x00000000   Number         0  rt_div0.o ABSOLUTE
    ../clib/angel/rt.s                       0x00000000   Number         0  rt_eh_globals_addr_intlibspace.o ABSOLUTE
    ../clib/angel/rt.s                       0x00000000   Number         0  rt_heap_descriptor_intlibspace.o ABSOLUTE
    ../clib/angel/rt.s                       0x00000000   Number         0  rt_eh_globals_addr.o ABSOLUTE
    ../clib/angel/scatterp.s                 0x00000000   Number         0  __scatter.o ABSOLUTE
    ../clib/angel/startup.s                  0x00000000   Number         0  __main.o ABSOLUTE
    ../clib/angel/sys.s                      0x00000000   Number         0  tempstk.o ABSOLUTE
    ../clib/angel/sys.s                      0x00000000   Number         0  libspace.o ABSOLUTE
    ../clib/angel/sys.s                      0x00000000   Number         0  mutex_dummy.o ABSOLUTE
    ../clib/angel/sys.s                      0x00000000   Number         0  sys_stackheap_outer.o ABSOLUTE
    ../clib/angel/sys.s                      0x00000000   Number         0  indicate_semi.o ABSOLUTE
    ../clib/angel/sys.s                      0x00000000   Number         0  use_no_semi.o ABSOLUTE
    ../clib/angel/sysapp.c                   0x00000000   Number         0  sys_command.o ABSOLUTE
    ../clib/angel/sysapp.c                   0x00000000   Number         0  sys_exit.o ABSOLUTE
    ../clib/angel/sysapp.c                   0x00000000   Number         0  sys_wrch.o ABSOLUTE
    ../clib/arm_runtime.c                    0x00000000   Number         0  init_aeabi.o ABSOLUTE
    ../clib/arm_runtime.c                    0x00000000   Number         0  init_aeabi.o ABSOLUTE
    ../clib/armsys.c                         0x00000000   Number         0  _get_argv.o ABSOLUTE
    ../clib/armsys.c                         0x00000000   Number         0  no_argv.o ABSOLUTE
    ../clib/armsys.c                         0x00000000   Number         0  _get_argv_nomalloc.o ABSOLUTE
    ../clib/armsys.c                         0x00000000   Number         0  argv_veneer.o ABSOLUTE
    ../clib/division.c                       0x00000000   Number         0  lludiv.o ABSOLUTE
    ../clib/division.s                       0x00000000   Number         0  aeabi_sdiv_div0.o ABSOLUTE
    ../clib/division.s                       0x00000000   Number         0  aeabi_sdiv.o ABSOLUTE
    ../clib/heap1.c                          0x00000000   Number         0  h1_free_mt.o ABSOLUTE
    ../clib/heap1.c                          0x00000000   Number         0  h1_init_mt.o ABSOLUTE
    ../clib/heap1.c                          0x00000000   Number         0  h1_free.o ABSOLUTE
    ../clib/heap1.c                          0x00000000   Number         0  h1_init.o ABSOLUTE
    ../clib/heap1.c                          0x00000000   Number         0  h1_final_mt.o ABSOLUTE
    ../clib/heap1.c                          0x00000000   Number         0  h1_final.o ABSOLUTE
    ../clib/heap1.c                          0x00000000   Number         0  h1_extend_mt.o ABSOLUTE
    ../clib/heap1.c                          0x00000000   Number         0  h1_alloc.o ABSOLUTE
    ../clib/heap1.c                          0x00000000   Number         0  h1_alloc_mt.o ABSOLUTE
    ../clib/heap1.c                          0x00000000   Number         0  h1_extend.o ABSOLUTE
    ../clib/heap2.c                          0x00000000   Number         0  heap2.o ABSOLUTE
    ../clib/heap2.c                          0x00000000   Number         0  heap2mt.o ABSOLUTE
    ../clib/heap2.c                          0x00000000   Number         0  fdtree.o ABSOLUTE
    ../clib/heapalloc.c                      0x00000000   Number         0  free.o ABSOLUTE
    ../clib/heapalloc.c                      0x00000000   Number         0  maybetermalloc1.o ABSOLUTE
    ../clib/heapalloc.c                      0x00000000   Number         0  maybetermalloc2.o ABSOLUTE
    ../clib/heapalloc.c                      0x00000000   Number         0  hguard.o ABSOLUTE
    ../clib/heapalloc.c                      0x00000000   Number         0  hrguard.o ABSOLUTE
    ../clib/heapalloc.c                      0x00000000   Number         0  init_alloc.o ABSOLUTE
    ../clib/heapalloc.c                      0x00000000   Number         0  heapstubs.o ABSOLUTE
    ../clib/heapalloc.c                      0x00000000   Number         0  maybetermalloc1.o ABSOLUTE
    ../clib/heapalloc.c                      0x00000000   Number         0  malloc.o ABSOLUTE
    ../clib/heapalloc.c                      0x00000000   Number         0  maybetermalloc2.o ABSOLUTE
    ../clib/heapalloc.c                      0x00000000   Number         0  term_alloc.o ABSOLUTE
    ../clib/heapaux.c                        0x00000000   Number         0  heapauxa.o ABSOLUTE
    ../clib/heapaux.c                        0x00000000   Number         0  heapauxi.o ABSOLUTE
    ../clib/libinit.s                        0x00000000   Number         0  libshutdown.o ABSOLUTE
    ../clib/libinit.s                        0x00000000   Number         0  libshutdown2.o ABSOLUTE
    ../clib/libinit.s                        0x00000000   Number         0  libinit2.o ABSOLUTE
    ../clib/libinit.s                        0x00000000   Number         0  libinit.o ABSOLUTE
    ../clib/memcpset.c                       0x00000000   Number         0  rt_memclr.o ABSOLUTE
    ../clib/memcpset.c                       0x00000000   Number         0  rt_memcpy.o ABSOLUTE
    ../clib/memcpset.c                       0x00000000   Number         0  rt_memcpy.o ABSOLUTE
    ../clib/signal.c                         0x00000000   Number         0  defsig_rtmem_inner.o ABSOLUTE
    ../clib/signal.c                         0x00000000   Number         0  defsig_other.o ABSOLUTE
    ../clib/signal.c                         0x00000000   Number         0  defsig_segv_inner.o ABSOLUTE
    ../clib/signal.c                         0x00000000   Number         0  defsig_cppl_inner.o ABSOLUTE
    ../clib/signal.c                         0x00000000   Number         0  defsig_stak_inner.o ABSOLUTE
    ../clib/signal.c                         0x00000000   Number         0  defsig_rtred_inner.o ABSOLUTE
    ../clib/signal.c                         0x00000000   Number         0  defsig_abrt_inner.o ABSOLUTE
    ../clib/signal.c                         0x00000000   Number         0  __raise.o ABSOLUTE
    ../clib/signal.c                         0x00000000   Number         0  defsig_fpe_formal.o ABSOLUTE
    ../clib/signal.c                         0x00000000   Number         0  defsig_pvfn_inner.o ABSOLUTE
    ../clib/signal.c                         0x00000000   Number         0  defsig_general.o ABSOLUTE
    ../clib/signal.c                         0x00000000   Number         0  defsig_fpe_outer.o ABSOLUTE
    ../clib/signal.c                         0x00000000   Number         0  defsig_rtmem_outer.o ABSOLUTE
    ../clib/signal.c                         0x00000000   Number         0  defsig_exit.o ABSOLUTE
    ../clib/signal.c                         0x00000000   Number         0  defsig_rtmem_formal.o ABSOLUTE
    ../clib/signal.c                         0x00000000   Number         0  defsig_pvfn_formal.o ABSOLUTE
    ../clib/signal.c                         0x00000000   Number         0  defsig_pvfn_outer.o ABSOLUTE
    ../clib/signal.c                         0x00000000   Number         0  defsig_abrt_outer.o ABSOLUTE
    ../clib/signal.c                         0x00000000   Number         0  defsig_abrt_formal.o ABSOLUTE
    ../clib/signal.c                         0x00000000   Number         0  defsig_fpe_inner.o ABSOLUTE
    ../clib/signal.s                         0x00000000   Number         0  defsig.o ABSOLUTE
    ../clib/stdlib.c                         0x00000000   Number         0  exit.o ABSOLUTE
    ../clib/stdlib.c                         0x00000000   Number         0  abort.o ABSOLUTE
    ../clib/stdlib.c                         0x00000000   Number         0  cxa_finalize.o ABSOLUTE
    ../clib/stdlib.c                         0x00000000   Number         0  atexit_aeabi.o ABSOLUTE
    ../clib/stdlib.c                         0x00000000   Number         0  aeabi_atexit.o ABSOLUTE
    ../fplib/cfplib/daddsub.c                0x00000000   Number         0  daddsub.o ABSOLUTE
    ../fplib/cfplib/ddiv.c                   0x00000000   Number         0  ddiv.o ABSOLUTE
    ../fplib/cfplib/dmul.c                   0x00000000   Number         0  dmul.o ABSOLUTE
    ../fplib/cfplib/fpinit.c                 0x00000000   Number         0  fpinit.o ABSOLUTE
    ../fplib/usenofp.s                       0x00000000   Number         0  usenofp.o ABSOLUTE
    ..\Core\Src\i2c.c                        0x00000000   Number         0  i2c.o ABSOLUTE
    ..\Core\Src\iwdg.c                       0x00000000   Number         0  iwdg.o ABSOLUTE
    ..\Core\Src\main.cpp                     0x00000000   Number         0  main.o ABSOLUTE
    ..\Core\Src\stm32g0xx_it.c               0x00000000   Number         0  stm32g0xx_it.o ABSOLUTE
    ..\Core\Src\system_stm32g0xx.c           0x00000000   Number         0  system_stm32g0xx.o ABSOLUTE
    ..\Core\Src\usart.c                      0x00000000   Number         0  usart.o ABSOLUTE
    ..\Drivers\STM32G0xx_HAL_Driver\Src\stm32g0xx_ll_adc.c 0x00000000   Number         0  stm32g0xx_ll_adc.o ABSOLUTE
    ..\Drivers\STM32G0xx_HAL_Driver\Src\stm32g0xx_ll_comp.c 0x00000000   Number         0  stm32g0xx_ll_comp.o ABSOLUTE
    ..\Drivers\STM32G0xx_HAL_Driver\Src\stm32g0xx_ll_crc.c 0x00000000   Number         0  stm32g0xx_ll_crc.o ABSOLUTE
    ..\Drivers\STM32G0xx_HAL_Driver\Src\stm32g0xx_ll_crs.c 0x00000000   Number         0  stm32g0xx_ll_crs.o ABSOLUTE
    ..\Drivers\STM32G0xx_HAL_Driver\Src\stm32g0xx_ll_dac.c 0x00000000   Number         0  stm32g0xx_ll_dac.o ABSOLUTE
    ..\Drivers\STM32G0xx_HAL_Driver\Src\stm32g0xx_ll_dma.c 0x00000000   Number         0  stm32g0xx_ll_dma.o ABSOLUTE
    ..\Drivers\STM32G0xx_HAL_Driver\Src\stm32g0xx_ll_exti.c 0x00000000   Number         0  stm32g0xx_ll_exti.o ABSOLUTE
    ..\Drivers\STM32G0xx_HAL_Driver\Src\stm32g0xx_ll_gpio.c 0x00000000   Number         0  stm32g0xx_ll_gpio.o ABSOLUTE
    ..\Drivers\STM32G0xx_HAL_Driver\Src\stm32g0xx_ll_i2c.c 0x00000000   Number         0  stm32g0xx_ll_i2c.o ABSOLUTE
    ..\Drivers\STM32G0xx_HAL_Driver\Src\stm32g0xx_ll_lptim.c 0x00000000   Number         0  stm32g0xx_ll_lptim.o ABSOLUTE
    ..\Drivers\STM32G0xx_HAL_Driver\Src\stm32g0xx_ll_lpuart.c 0x00000000   Number         0  stm32g0xx_ll_lpuart.o ABSOLUTE
    ..\Drivers\STM32G0xx_HAL_Driver\Src\stm32g0xx_ll_pwr.c 0x00000000   Number         0  stm32g0xx_ll_pwr.o ABSOLUTE
    ..\Drivers\STM32G0xx_HAL_Driver\Src\stm32g0xx_ll_rcc.c 0x00000000   Number         0  stm32g0xx_ll_rcc.o ABSOLUTE
    ..\Drivers\STM32G0xx_HAL_Driver\Src\stm32g0xx_ll_rng.c 0x00000000   Number         0  stm32g0xx_ll_rng.o ABSOLUTE
    ..\Drivers\STM32G0xx_HAL_Driver\Src\stm32g0xx_ll_rtc.c 0x00000000   Number         0  stm32g0xx_ll_rtc.o ABSOLUTE
    ..\Drivers\STM32G0xx_HAL_Driver\Src\stm32g0xx_ll_spi.c 0x00000000   Number         0  stm32g0xx_ll_spi.o ABSOLUTE
    ..\Drivers\STM32G0xx_HAL_Driver\Src\stm32g0xx_ll_tim.c 0x00000000   Number         0  stm32g0xx_ll_tim.o ABSOLUTE
    ..\Drivers\STM32G0xx_HAL_Driver\Src\stm32g0xx_ll_usart.c 0x00000000   Number         0  stm32g0xx_ll_usart.o ABSOLUTE
    ..\Drivers\STM32G0xx_HAL_Driver\Src\stm32g0xx_ll_utils.c 0x00000000   Number         0  stm32g0xx_ll_utils.o ABSOLUTE
    ..\Drivers\delay.c                       0x00000000   Number         0  delay.o ABSOLUTE
    ..\Drivers\exti.c                        0x00000000   Number         0  exti.o ABSOLUTE
    ..\Drivers\gpio.c                        0x00000000   Number         0  gpio.o ABSOLUTE
    ..\Lib\Arduino.c                         0x00000000   Number         0  arduino.o ABSOLUTE
    ..\Lib\Wire.cpp                          0x00000000   Number         0  wire.o ABSOLUTE
    ..\Lib\WireBase.cpp                      0x00000000   Number         0  wirebase.o ABSOLUTE
    ..\\Core\\Src\\main.cpp                  0x00000000   Number         0  main.o ABSOLUTE
    ..\\Drivers\\STM32G0xx_HAL_Driver\\Src\\stm32g0xx_ll_adc.c 0x00000000   Number         0  stm32g0xx_ll_adc.o ABSOLUTE
    ..\\Drivers\\STM32G0xx_HAL_Driver\\Src\\stm32g0xx_ll_comp.c 0x00000000   Number         0  stm32g0xx_ll_comp.o ABSOLUTE
    ..\\Drivers\\STM32G0xx_HAL_Driver\\Src\\stm32g0xx_ll_crc.c 0x00000000   Number         0  stm32g0xx_ll_crc.o ABSOLUTE
    ..\\Drivers\\STM32G0xx_HAL_Driver\\Src\\stm32g0xx_ll_crs.c 0x00000000   Number         0  stm32g0xx_ll_crs.o ABSOLUTE
    ..\\Drivers\\STM32G0xx_HAL_Driver\\Src\\stm32g0xx_ll_dac.c 0x00000000   Number         0  stm32g0xx_ll_dac.o ABSOLUTE
    ..\\Drivers\\STM32G0xx_HAL_Driver\\Src\\stm32g0xx_ll_lptim.c 0x00000000   Number         0  stm32g0xx_ll_lptim.o ABSOLUTE
    ..\\Drivers\\STM32G0xx_HAL_Driver\\Src\\stm32g0xx_ll_lpuart.c 0x00000000   Number         0  stm32g0xx_ll_lpuart.o ABSOLUTE
    ..\\Drivers\\STM32G0xx_HAL_Driver\\Src\\stm32g0xx_ll_rng.c 0x00000000   Number         0  stm32g0xx_ll_rng.o ABSOLUTE
    ..\\Drivers\\STM32G0xx_HAL_Driver\\Src\\stm32g0xx_ll_rtc.c 0x00000000   Number         0  stm32g0xx_ll_rtc.o ABSOLUTE
    ..\\Drivers\\STM32G0xx_HAL_Driver\\Src\\stm32g0xx_ll_spi.c 0x00000000   Number         0  stm32g0xx_ll_spi.o ABSOLUTE
    ..\\Drivers\\STM32G0xx_HAL_Driver\\Src\\stm32g0xx_ll_tim.c 0x00000000   Number         0  stm32g0xx_ll_tim.o ABSOLUTE
    ..\\Drivers\\delay.c                     0x00000000   Number         0  delay.o ABSOLUTE
    ..\\Drivers\\exti.c                      0x00000000   Number         0  exti.o ABSOLUTE
    ..\\Drivers\\gpio.c                      0x00000000   Number         0  gpio.o ABSOLUTE
    ..\\Lib\\Arduino.c                       0x00000000   Number         0  arduino.o ABSOLUTE
    ..\\Lib\\Wire.cpp                        0x00000000   Number         0  wire.o ABSOLUTE
    ..\\Lib\\WireBase.cpp                    0x00000000   Number         0  wirebase.o ABSOLUTE
    dc.s                                     0x00000000   Number         0  dc.o ABSOLUTE
    startup_stm32g031xx.s                    0x00000000   Number         0  startup_stm32g031xx.o ABSOLUTE
    RESET                                    0x08000000   Section      192  startup_stm32g031xx.o(RESET)
    !!!main                                  0x080000c0   Section        8  __main.o(!!!main)
    !!!scatter                               0x080000c8   Section       60  __scatter.o(!!!scatter)
    !!handler_copy                           0x08000104   Section       26  __scatter_copy.o(!!handler_copy)
    !!handler_zi                             0x08000120   Section       28  __scatter_zi.o(!!handler_zi)
    .ARM.Collect$$libinit$$00000000          0x0800013c   Section        2  libinit.o(.ARM.Collect$$libinit$$00000000)
    .ARM.Collect$$libinit$$00000002          0x0800013e   Section        0  libinit2.o(.ARM.Collect$$libinit$$00000002)
    .ARM.Collect$$libinit$$00000004          0x0800013e   Section        0  libinit2.o(.ARM.Collect$$libinit$$00000004)
    .ARM.Collect$$libinit$$00000005          0x0800013e   Section        8  libinit2.o(.ARM.Collect$$libinit$$00000005)
    .ARM.Collect$$libinit$$0000000A          0x08000146   Section        0  libinit2.o(.ARM.Collect$$libinit$$0000000A)
    .ARM.Collect$$libinit$$0000000C          0x08000146   Section        0  libinit2.o(.ARM.Collect$$libinit$$0000000C)
    .ARM.Collect$$libinit$$0000000E          0x08000146   Section        0  libinit2.o(.ARM.Collect$$libinit$$0000000E)
    .ARM.Collect$$libinit$$00000011          0x08000146   Section        0  libinit2.o(.ARM.Collect$$libinit$$00000011)
    .ARM.Collect$$libinit$$00000013          0x08000146   Section        0  libinit2.o(.ARM.Collect$$libinit$$00000013)
    .ARM.Collect$$libinit$$00000015          0x08000146   Section        0  libinit2.o(.ARM.Collect$$libinit$$00000015)
    .ARM.Collect$$libinit$$00000017          0x08000146   Section        0  libinit2.o(.ARM.Collect$$libinit$$00000017)
    .ARM.Collect$$libinit$$00000019          0x08000146   Section        0  libinit2.o(.ARM.Collect$$libinit$$00000019)
    .ARM.Collect$$libinit$$0000001B          0x08000146   Section        0  libinit2.o(.ARM.Collect$$libinit$$0000001B)
    .ARM.Collect$$libinit$$0000001D          0x08000146   Section        0  libinit2.o(.ARM.Collect$$libinit$$0000001D)
    .ARM.Collect$$libinit$$0000001F          0x08000146   Section        0  libinit2.o(.ARM.Collect$$libinit$$0000001F)
    .ARM.Collect$$libinit$$00000021          0x08000146   Section        0  libinit2.o(.ARM.Collect$$libinit$$00000021)
    .ARM.Collect$$libinit$$00000023          0x08000146   Section        0  libinit2.o(.ARM.Collect$$libinit$$00000023)
    .ARM.Collect$$libinit$$00000025          0x08000146   Section        0  libinit2.o(.ARM.Collect$$libinit$$00000025)
    .ARM.Collect$$libinit$$0000002C          0x08000146   Section        0  libinit2.o(.ARM.Collect$$libinit$$0000002C)
    .ARM.Collect$$libinit$$0000002E          0x08000146   Section        0  libinit2.o(.ARM.Collect$$libinit$$0000002E)
    .ARM.Collect$$libinit$$00000030          0x08000146   Section        0  libinit2.o(.ARM.Collect$$libinit$$00000030)
    .ARM.Collect$$libinit$$00000031          0x08000146   Section        4  libinit2.o(.ARM.Collect$$libinit$$00000031)
    .ARM.Collect$$libinit$$00000032          0x0800014a   Section        0  libinit2.o(.ARM.Collect$$libinit$$00000032)
    .ARM.Collect$$libinit$$00000033          0x0800014a   Section        2  libinit2.o(.ARM.Collect$$libinit$$00000033)
    .ARM.Collect$$libshutdown$$00000000      0x0800014c   Section        2  libshutdown.o(.ARM.Collect$$libshutdown$$00000000)
    .ARM.Collect$$libshutdown$$00000002      0x0800014e   Section        0  libshutdown2.o(.ARM.Collect$$libshutdown$$00000002)
    .ARM.Collect$$libshutdown$$00000003      0x0800014e   Section        6  libshutdown2.o(.ARM.Collect$$libshutdown$$00000003)
    .ARM.Collect$$libshutdown$$00000004      0x08000154   Section        0  libshutdown2.o(.ARM.Collect$$libshutdown$$00000004)
    .ARM.Collect$$libshutdown$$00000006      0x08000154   Section        0  libshutdown2.o(.ARM.Collect$$libshutdown$$00000006)
    .ARM.Collect$$libshutdown$$00000009      0x08000154   Section        0  libshutdown2.o(.ARM.Collect$$libshutdown$$00000009)
    .ARM.Collect$$libshutdown$$0000000C      0x08000154   Section        0  libshutdown2.o(.ARM.Collect$$libshutdown$$0000000C)
    .ARM.Collect$$libshutdown$$0000000E      0x08000154   Section        0  libshutdown2.o(.ARM.Collect$$libshutdown$$0000000E)
    .ARM.Collect$$libshutdown$$00000011      0x08000154   Section        0  libshutdown2.o(.ARM.Collect$$libshutdown$$00000011)
    .ARM.Collect$$libshutdown$$00000012      0x08000154   Section        2  libshutdown2.o(.ARM.Collect$$libshutdown$$00000012)
    .ARM.Collect$$rtentry$$00000000          0x08000156   Section        0  __rtentry.o(.ARM.Collect$$rtentry$$00000000)
    .ARM.Collect$$rtentry$$00000002          0x08000156   Section        0  __rtentry2.o(.ARM.Collect$$rtentry$$00000002)
    .ARM.Collect$$rtentry$$00000004          0x08000156   Section        6  __rtentry4.o(.ARM.Collect$$rtentry$$00000004)
    .ARM.Collect$$rtentry$$00000009          0x0800015c   Section        0  __rtentry2.o(.ARM.Collect$$rtentry$$00000009)
    .ARM.Collect$$rtentry$$0000000A          0x0800015c   Section        4  __rtentry2.o(.ARM.Collect$$rtentry$$0000000A)
    .ARM.Collect$$rtentry$$0000000C          0x08000160   Section        0  __rtentry2.o(.ARM.Collect$$rtentry$$0000000C)
    .ARM.Collect$$rtentry$$0000000D          0x08000160   Section        8  __rtentry2.o(.ARM.Collect$$rtentry$$0000000D)
    .ARM.Collect$$rtexit$$00000000           0x08000168   Section        2  rtexit.o(.ARM.Collect$$rtexit$$00000000)
    .ARM.Collect$$rtexit$$00000002           0x0800016a   Section        0  rtexit2.o(.ARM.Collect$$rtexit$$00000002)
    .ARM.Collect$$rtexit$$00000003           0x0800016a   Section        4  rtexit2.o(.ARM.Collect$$rtexit$$00000003)
    .ARM.Collect$$rtexit$$00000004           0x0800016e   Section        6  rtexit2.o(.ARM.Collect$$rtexit$$00000004)
    .emb_text                                0x08000174   Section        0  maybetermalloc1.o(.emb_text)
    .text                                    0x08000174   Section       56  startup_stm32g031xx.o(.text)
    .text                                    0x080001ac   Section        0  aeabi_atexit.o(.text)
    .text                                    0x080001d6   Section        0  rt_memclr.o(.text)
    .text                                    0x08000216   Section      346  aeabi_sdiv.o(.text)
    .text                                    0x08000370   Section        0  heapauxi.o(.text)
    .text                                    0x08000378   Section        0  init_aeabi.o(.text)
    .text                                    0x0800039c   Section        8  rt_ddtor_pointer_addr_intlibspace.o(.text)
    .text                                    0x080003a4   Section        0  h1_alloc.o(.text)
    .text                                    0x08000406   Section        0  cxa_finalize.o(.text)
    .text                                    0x08000448   Section        8  libspace.o(.text)
    .text                                    0x08000450   Section        8  rt_heap_descriptor_intlibspace.o(.text)
    .text                                    0x08000458   Section        0  hguard.o(.text)
    .text                                    0x0800045c   Section        0  init_alloc.o(.text)
    .text                                    0x080004e4   Section        0  h1_init.o(.text)
    .text                                    0x080004f2   Section        0  h1_free.o(.text)
    .text                                    0x0800053e   Section        0  defsig_exit.o(.text)
    .text                                    0x0800054c   Section        0  sys_exit.o(.text)
    .text                                    0x08000558   Section       62  sys_stackheap_outer.o(.text)
    .text                                    0x08000596   Section        0  h1_extend.o(.text)
    .text                                    0x080005ca   Section        0  exit.o(.text)
    .text                                    0x080005da   Section        0  defsig_general.o(.text)
    .text                                    0x0800060e   Section        0  defsig_rtmem_outer.o(.text)
    .text                                    0x0800061a   Section        0  sys_wrch.o(.text)
    .text                                    0x08000626   Section        2  use_no_semi.o(.text)
    .text                                    0x08000628   Section        0  defsig_rtmem_inner.o(.text)
    .text                                    0x08000628   Section        0  indicate_semi.o(.text)
    i.Address_Matching_Callback              0x08000678   Section        0  main.o(i.Address_Matching_Callback)
    i.Delay_Init                             0x08000688   Section        0  delay.o(i.Delay_Init)
    i.EXTI0_1_IRQHandler                     0x080006d0   Section        0  exti.o(i.EXTI0_1_IRQHandler)
    i.EXTI2_3_IRQHandler                     0x0800070c   Section        0  exti.o(i.EXTI2_3_IRQHandler)
    i.EXTI4_15_IRQHandler                    0x08000748   Section        0  main.o(i.EXTI4_15_IRQHandler)
    i.Error_Handler                          0x08000764   Section        0  main.o(i.Error_Handler)
    i.GPIOx_Init                             0x08000768   Section        0  gpio.o(i.GPIOx_Init)
    i.HardFault_Handler                      0x08000824   Section        0  stm32g0xx_it.o(i.HardFault_Handler)
    i.I2C1_IRQHandler                        0x08000828   Section        0  stm32g0xx_it.o(i.I2C1_IRQHandler)
    i.I2C_read_reg                           0x08000888   Section        0  i2c.o(i.I2C_read_reg)
    i.I2C_write_reg                          0x08000948   Section        0  i2c.o(i.I2C_write_reg)
    i.LL_APB1_GRP1_EnableClock               0x080009ec   Section        0  i2c.o(i.LL_APB1_GRP1_EnableClock)
    LL_APB1_GRP1_EnableClock                 0x080009ed   Thumb Code    18  i2c.o(i.LL_APB1_GRP1_EnableClock)
    i.LL_EXTI_DisableIT_0_31                 0x08000a04   Section        0  exti.o(i.LL_EXTI_DisableIT_0_31)
    LL_EXTI_DisableIT_0_31                   0x08000a05   Thumb Code    10  exti.o(i.LL_EXTI_DisableIT_0_31)
    i.LL_EXTI_Init                           0x08000a14   Section        0  stm32g0xx_ll_exti.o(i.LL_EXTI_Init)
    i.LL_EXTI_IsEnabledIT_0_31               0x08000ab8   Section        0  exti.o(i.LL_EXTI_IsEnabledIT_0_31)
    LL_EXTI_IsEnabledIT_0_31                 0x08000ab9   Thumb Code    16  exti.o(i.LL_EXTI_IsEnabledIT_0_31)
    i.LL_GPIO_Init                           0x08000acc   Section        0  stm32g0xx_ll_gpio.o(i.LL_GPIO_Init)
    i.LL_I2C_HandleTransfer                  0x08000b78   Section        0  i2c.o(i.LL_I2C_HandleTransfer)
    LL_I2C_HandleTransfer                    0x08000b79   Thumb Code    32  i2c.o(i.LL_I2C_HandleTransfer)
    i.LL_I2C_Init                            0x08000b9c   Section        0  stm32g0xx_ll_i2c.o(i.LL_I2C_Init)
    i.LL_IOP_GRP1_EnableClock                0x08000c08   Section        0  i2c.o(i.LL_IOP_GRP1_EnableClock)
    LL_IOP_GRP1_EnableClock                  0x08000c09   Thumb Code    18  i2c.o(i.LL_IOP_GRP1_EnableClock)
    i.LL_Init1msTick                         0x08000c20   Section        0  stm32g0xx_ll_utils.o(i.LL_Init1msTick)
    i.LL_RCC_GetSystemClocksFreq             0x08000c40   Section        0  stm32g0xx_ll_rcc.o(i.LL_RCC_GetSystemClocksFreq)
    i.LL_RCC_GetUSARTClockFreq               0x08000c58   Section        0  stm32g0xx_ll_rcc.o(i.LL_RCC_GetUSARTClockFreq)
    i.LL_RCC_HSI_IsReady                     0x08000cb4   Section        0  stm32g0xx_ll_rcc.o(i.LL_RCC_HSI_IsReady)
    LL_RCC_HSI_IsReady                       0x08000cb5   Thumb Code    10  stm32g0xx_ll_rcc.o(i.LL_RCC_HSI_IsReady)
    i.LL_RCC_LSE_IsReady                     0x08000cc4   Section        0  stm32g0xx_ll_rcc.o(i.LL_RCC_LSE_IsReady)
    LL_RCC_LSE_IsReady                       0x08000cc5   Thumb Code    10  stm32g0xx_ll_rcc.o(i.LL_RCC_LSE_IsReady)
    i.LL_RCC_PLL_GetDivider                  0x08000cd4   Section        0  stm32g0xx_ll_rcc.o(i.LL_RCC_PLL_GetDivider)
    LL_RCC_PLL_GetDivider                    0x08000cd5   Thumb Code    10  stm32g0xx_ll_rcc.o(i.LL_RCC_PLL_GetDivider)
    i.LL_RCC_PLL_GetMainSource               0x08000ce4   Section        0  stm32g0xx_ll_rcc.o(i.LL_RCC_PLL_GetMainSource)
    LL_RCC_PLL_GetMainSource                 0x08000ce5   Thumb Code    10  stm32g0xx_ll_rcc.o(i.LL_RCC_PLL_GetMainSource)
    i.LL_RCC_PLL_GetN                        0x08000cf4   Section        0  stm32g0xx_ll_rcc.o(i.LL_RCC_PLL_GetN)
    LL_RCC_PLL_GetN                          0x08000cf5   Thumb Code    10  stm32g0xx_ll_rcc.o(i.LL_RCC_PLL_GetN)
    i.LL_SetSystemCoreClock                  0x08000d04   Section        0  stm32g0xx_ll_utils.o(i.LL_SetSystemCoreClock)
    i.LL_USART_Init                          0x08000d10   Section        0  stm32g0xx_ll_usart.o(i.LL_USART_Init)
    i.MX_I2C1_Init                           0x08000df0   Section        0  i2c.o(i.MX_I2C1_Init)
    i.MX_I2C2_Init                           0x08000ee8   Section        0  i2c.o(i.MX_I2C2_Init)
    i.MX_IWDG_Init                           0x08000f98   Section        0  iwdg.o(i.MX_IWDG_Init)
    i.MX_USART2_UART_Init                    0x08000fcc   Section        0  usart.o(i.MX_USART2_UART_Init)
    i.NMI_Handler                            0x0800108c   Section        0  stm32g0xx_it.o(i.NMI_Handler)
    i.PendSV_Handler                         0x0800108e   Section        0  stm32g0xx_it.o(i.PendSV_Handler)
    i.RCC_GetHCLKClockFreq                   0x08001090   Section        0  stm32g0xx_ll_rcc.o(i.RCC_GetHCLKClockFreq)
    RCC_GetHCLKClockFreq                     0x08001091   Thumb Code    24  stm32g0xx_ll_rcc.o(i.RCC_GetHCLKClockFreq)
    i.RCC_GetPCLK1ClockFreq                  0x080010b0   Section        0  stm32g0xx_ll_rcc.o(i.RCC_GetPCLK1ClockFreq)
    RCC_GetPCLK1ClockFreq                    0x080010b1   Thumb Code    22  stm32g0xx_ll_rcc.o(i.RCC_GetPCLK1ClockFreq)
    i.RCC_GetSystemClockFreq                 0x080010d0   Section        0  stm32g0xx_ll_rcc.o(i.RCC_GetSystemClockFreq)
    RCC_GetSystemClockFreq                   0x080010d1   Thumb Code    88  stm32g0xx_ll_rcc.o(i.RCC_GetSystemClockFreq)
    i.SVC_Handler                            0x08001130   Section        0  stm32g0xx_it.o(i.SVC_Handler)
    i.Slave_Complete_Callback                0x08001134   Section        0  main.o(i.Slave_Complete_Callback)
    i.Slave_Reception_Callback               0x0800114c   Section        0  main.o(i.Slave_Reception_Callback)
    i.Slave_Sending_Callback                 0x0800129c   Section        0  main.o(i.Slave_Sending_Callback)
    i.SysTick_Handler                        0x080012bc   Section        0  delay.o(i.SysTick_Handler)
    i.SystemCoreClockUpdate                  0x080012cc   Section        0  system_stm32g0xx.o(i.SystemCoreClockUpdate)
    i.SystemInit                             0x0800135c   Section        0  system_stm32g0xx.o(i.SystemInit)
    i._Z10ZT7548_INTv                        0x08001360   Section        0  main.o(i._Z10ZT7548_INTv)
    i._Z12MX_GPIO_Initv                      0x080013a0   Section        0  main.o(i._Z12MX_GPIO_Initv)
    i._Z18SystemClock_Configv                0x0800145c   Section        0  main.o(i._Z18SystemClock_Configv)
    i._Z23LL_IOP_GRP1_EnableClockj           0x080014fc   Section        0  main.o(i._Z23LL_IOP_GRP1_EnableClockj)
    LL_IOP_GRP1_EnableClock(unsigned)        0x080014fd   Thumb Code    18  main.o(i._Z23LL_IOP_GRP1_EnableClockj)
    i._ZN7TwoWireC1Ehhh                      0x08001514   Section        0  wire.o(i._ZN7TwoWireC1Ehhh)
    i._ZN7TwoWireD1Ev                        0x0800152c   Section        0  wire.o(i._ZN7TwoWireD1Ev)
    i.__NVIC_SetPriority                     0x08001540   Section        0  delay.o(i.__NVIC_SetPriority)
    __NVIC_SetPriority                       0x08001541   Thumb Code    60  delay.o(i.__NVIC_SetPriority)
    i.__sti___8_Wire_cpp_928ee5ff            0x08001584   Section        0  wire.o(i.__sti___8_Wire_cpp_928ee5ff)
    __sti___8_Wire_cpp_928ee5ff              0x08001585   Thumb Code    24  wire.o(i.__sti___8_Wire_cpp_928ee5ff)
    i.__sti___8_main_cpp_ZT7548              0x080015a8   Section        0  main.o(i.__sti___8_main_cpp_ZT7548)
    __sti___8_main_cpp_ZT7548                0x080015a9   Thumb Code    24  main.o(i.__sti___8_main_cpp_ZT7548)
    i.delay_ms                               0x080015cc   Section        0  delay.o(i.delay_ms)
    i.delay_us                               0x080015e0   Section        0  delay.o(i.delay_us)
    i.digitalWrite                           0x0800162c   Section        0  arduino.o(i.digitalWrite)
    i.main                                   0x0800164c   Section        0  main.o(i.main)
    i.pinMode                                0x08001754   Section        0  arduino.o(i.pinMode)
    .constdata                               0x0800178c   Section       48  stm32g0xx_ll_usart.o(.constdata)
    USART_PRESCALER_TAB                      0x0800178c   Data          48  stm32g0xx_ll_usart.o(.constdata)
    .constdata                               0x080017bc   Section       64  system_stm32g0xx.o(.constdata)
    .constdata                               0x080017fc   Section       32  system_stm32g0xx.o(.constdata)
    .constdata                               0x0800181c   Section     1920  gpio.o(.constdata)
    .constdata__ZTV7TwoWire                  0x08001f9c   Section       16  wire.o(.constdata__ZTV7TwoWire)
    .init_array                              0x08001fcc   Section        4  main.o(.init_array)
    .init_array                              0x08001fd0   Section        4  wire.o(.init_array)
    .init_array                              0x08001fd4   Section        0  init_aeabi.o(.init_array)
    .data                                    0x20000000   Section        3  main.o(.data)
    .data                                    0x20000004   Section        4  system_stm32g0xx.o(.data)
    .data                                    0x20000008   Section        4  delay.o(.data)
    System_ms                                0x20000008   Data           4  delay.o(.data)
    .bss                                     0x2000000c   Section      218  main.o(.bss)
    .bss                                     0x200000e8   Section       88  wire.o(.bss)
    .bss                                     0x20000140   Section       64  exti.o(.bss)
    EXTI_Function                            0x20000140   Data          64  exti.o(.bss)
    .bss                                     0x20000180   Section       96  libspace.o(.bss)
    HEAP                                     0x200001e0   Section      512  startup_stm32g031xx.o(HEAP)
    Heap_Mem                                 0x200001e0   Data         512  startup_stm32g031xx.o(HEAP)
    STACK                                    0x200003e0   Section     1024  startup_stm32g031xx.o(STACK)
    Stack_Mem                                0x200003e0   Data        1024  startup_stm32g031xx.o(STACK)
    __initial_sp                             0x200007e0   Data           0  startup_stm32g031xx.o(STACK)

    Global Symbols

    Symbol Name                              Value     Ov Type        Size  Object(Section)

    BuildAttributes$$THM_ISAv3M$S$PE$A:L22$X:L11$S22$IEEE1$IW$USESV6$~STKCKD$USESV7$~SHL$OTIME$ROPI$EBA8$UX$STANDARDLIB$REQ8$PRES8$EABIv2 0x00000000   Number         0  anon$$obj.o ABSOLUTE
    __ARM_use_no_argv                        0x00000000   Number         0  main.o ABSOLUTE
    __ARM::default_unexpected_handler()       - Undefined Weak Reference
    __ARM_exceptions_buffer_required          - Undefined Weak Reference
    __ARM_exceptions_init                     - Undefined Weak Reference
    __alloca_initialize                       - Undefined Weak Reference
    __arm_fini_                               - Undefined Weak Reference
    __arm_preinit_                            - Undefined Weak Reference
    __rt_locale                               - Undefined Weak Reference
    __sigvec_lookup                           - Undefined Weak Reference
    __user_heap_extent                        - Undefined Weak Reference
    _atexit_init                              - Undefined Weak Reference
    _call_atexit_fns                          - Undefined Weak Reference
    _clock_init                               - Undefined Weak Reference
    _fp_trap_init                             - Undefined Weak Reference
    _fp_trap_shutdown                         - Undefined Weak Reference
    _get_lc_collate                           - Undefined Weak Reference
    _get_lc_ctype                             - Undefined Weak Reference
    _get_lc_monetary                          - Undefined Weak Reference
    _get_lc_numeric                           - Undefined Weak Reference
    _get_lc_time                              - Undefined Weak Reference
    _getenv_init                              - Undefined Weak Reference
    _handle_redirection                       - Undefined Weak Reference
    _initio                                   - Undefined Weak Reference
    _mutex_acquire                            - Undefined Weak Reference
    _mutex_free                               - Undefined Weak Reference
    _mutex_release                            - Undefined Weak Reference
    _rand_init                                - Undefined Weak Reference
    _signal_finish                            - Undefined Weak Reference
    _signal_init                              - Undefined Weak Reference
    _terminateio                              - Undefined Weak Reference
    __Vectors_Size                           0x000000c0   Number         0  startup_stm32g031xx.o ABSOLUTE
    __Vectors                                0x08000000   Data           4  startup_stm32g031xx.o(RESET)
    __dso_handle                             0x08000000   Number         0  startup_stm32g031xx.o(RESET)
    __Vectors_End                            0x080000c0   Data           0  startup_stm32g031xx.o(RESET)
    __main                                   0x080000c1   Thumb Code     8  __main.o(!!!main)
    __scatterload                            0x080000c9   Thumb Code     0  __scatter.o(!!!scatter)
    __scatterload_rt2                        0x080000c9   Thumb Code    52  __scatter.o(!!!scatter)
    __scatterload_rt2_thumb_only             0x080000c9   Thumb Code     0  __scatter.o(!!!scatter)
    __scatterload_null                       0x080000d9   Thumb Code     0  __scatter.o(!!!scatter)
    __scatterload_copy                       0x08000105   Thumb Code    26  __scatter_copy.o(!!handler_copy)
    __scatterload_zeroinit                   0x08000121   Thumb Code    28  __scatter_zi.o(!!handler_zi)
    __rt_lib_init                            0x0800013d   Thumb Code     0  libinit.o(.ARM.Collect$$libinit$$00000000)
    __rt_lib_init_fp_1                       0x0800013f   Thumb Code     0  libinit2.o(.ARM.Collect$$libinit$$00000002)
    __rt_lib_init_heap_2                     0x0800013f   Thumb Code     0  libinit2.o(.ARM.Collect$$libinit$$00000005)
    __rt_lib_init_preinit_1                  0x0800013f   Thumb Code     0  libinit2.o(.ARM.Collect$$libinit$$00000004)
    __rt_lib_init_alloca_1                   0x08000147   Thumb Code     0  libinit2.o(.ARM.Collect$$libinit$$0000002E)
    __rt_lib_init_argv_1                     0x08000147   Thumb Code     0  libinit2.o(.ARM.Collect$$libinit$$0000002C)
    __rt_lib_init_atexit_1                   0x08000147   Thumb Code     0  libinit2.o(.ARM.Collect$$libinit$$0000001B)
    __rt_lib_init_clock_1                    0x08000147   Thumb Code     0  libinit2.o(.ARM.Collect$$libinit$$00000021)
    __rt_lib_init_cpp_2                      0x08000147   Thumb Code     0  libinit2.o(.ARM.Collect$$libinit$$00000031)
    __rt_lib_init_exceptions_1               0x08000147   Thumb Code     0  libinit2.o(.ARM.Collect$$libinit$$00000030)
    __rt_lib_init_fp_trap_1                  0x08000147   Thumb Code     0  libinit2.o(.ARM.Collect$$libinit$$0000001F)
    __rt_lib_init_getenv_1                   0x08000147   Thumb Code     0  libinit2.o(.ARM.Collect$$libinit$$00000023)
    __rt_lib_init_heap_1                     0x08000147   Thumb Code     0  libinit2.o(.ARM.Collect$$libinit$$0000000A)
    __rt_lib_init_lc_collate_1               0x08000147   Thumb Code     0  libinit2.o(.ARM.Collect$$libinit$$00000011)
    __rt_lib_init_lc_ctype_1                 0x08000147   Thumb Code     0  libinit2.o(.ARM.Collect$$libinit$$00000013)
    __rt_lib_init_lc_monetary_1              0x08000147   Thumb Code     0  libinit2.o(.ARM.Collect$$libinit$$00000015)
    __rt_lib_init_lc_numeric_1               0x08000147   Thumb Code     0  libinit2.o(.ARM.Collect$$libinit$$00000017)
    __rt_lib_init_lc_time_1                  0x08000147   Thumb Code     0  libinit2.o(.ARM.Collect$$libinit$$00000019)
    __rt_lib_init_rand_1                     0x08000147   Thumb Code     0  libinit2.o(.ARM.Collect$$libinit$$0000000E)
    __rt_lib_init_signal_1                   0x08000147   Thumb Code     0  libinit2.o(.ARM.Collect$$libinit$$0000001D)
    __rt_lib_init_stdio_1                    0x08000147   Thumb Code     0  libinit2.o(.ARM.Collect$$libinit$$00000025)
    __rt_lib_init_user_alloc_1               0x08000147   Thumb Code     0  libinit2.o(.ARM.Collect$$libinit$$0000000C)
    __rt_lib_init_cpp_1                      0x0800014b   Thumb Code     0  libinit2.o(.ARM.Collect$$libinit$$00000032)
    __rt_lib_init_return                     0x0800014b   Thumb Code     0  libinit2.o(.ARM.Collect$$libinit$$00000033)
    __rt_lib_shutdown                        0x0800014d   Thumb Code     0  libshutdown.o(.ARM.Collect$$libshutdown$$00000000)
    __rt_lib_shutdown_cpp_2                  0x0800014f   Thumb Code     0  libshutdown2.o(.ARM.Collect$$libshutdown$$00000003)
    __rt_lib_shutdown_fini_1                 0x0800014f   Thumb Code     0  libshutdown2.o(.ARM.Collect$$libshutdown$$00000002)
    __rt_lib_shutdown_cpp_1                  0x08000155   Thumb Code     0  libshutdown2.o(.ARM.Collect$$libshutdown$$00000004)
    __rt_lib_shutdown_fp_trap_1              0x08000155   Thumb Code     0  libshutdown2.o(.ARM.Collect$$libshutdown$$00000009)
    __rt_lib_shutdown_heap_1                 0x08000155   Thumb Code     0  libshutdown2.o(.ARM.Collect$$libshutdown$$00000011)
    __rt_lib_shutdown_return                 0x08000155   Thumb Code     0  libshutdown2.o(.ARM.Collect$$libshutdown$$00000012)
    __rt_lib_shutdown_signal_1               0x08000155   Thumb Code     0  libshutdown2.o(.ARM.Collect$$libshutdown$$0000000C)
    __rt_lib_shutdown_stdio_1                0x08000155   Thumb Code     0  libshutdown2.o(.ARM.Collect$$libshutdown$$00000006)
    __rt_lib_shutdown_user_alloc_1           0x08000155   Thumb Code     0  libshutdown2.o(.ARM.Collect$$libshutdown$$0000000E)
    __rt_entry                               0x08000157   Thumb Code     0  __rtentry.o(.ARM.Collect$$rtentry$$00000000)
    __rt_entry_presh_1                       0x08000157   Thumb Code     0  __rtentry2.o(.ARM.Collect$$rtentry$$00000002)
    __rt_entry_sh                            0x08000157   Thumb Code     0  __rtentry4.o(.ARM.Collect$$rtentry$$00000004)
    __rt_entry_li                            0x0800015d   Thumb Code     0  __rtentry2.o(.ARM.Collect$$rtentry$$0000000A)
    __rt_entry_postsh_1                      0x0800015d   Thumb Code     0  __rtentry2.o(.ARM.Collect$$rtentry$$00000009)
    __rt_entry_main                          0x08000161   Thumb Code     0  __rtentry2.o(.ARM.Collect$$rtentry$$0000000D)
    __rt_entry_postli_1                      0x08000161   Thumb Code     0  __rtentry2.o(.ARM.Collect$$rtentry$$0000000C)
    __rt_exit                                0x08000169   Thumb Code     0  rtexit.o(.ARM.Collect$$rtexit$$00000000)
    __rt_exit_ls                             0x0800016b   Thumb Code     0  rtexit2.o(.ARM.Collect$$rtexit$$00000003)
    __rt_exit_prels_1                        0x0800016b   Thumb Code     0  rtexit2.o(.ARM.Collect$$rtexit$$00000002)
    __rt_exit_exit                           0x0800016f   Thumb Code     0  rtexit2.o(.ARM.Collect$$rtexit$$00000004)
    Reset_Handler                            0x08000175   Thumb Code     8  startup_stm32g031xx.o(.text)
    _maybe_terminate_alloc                   0x08000175   Thumb Code     0  maybetermalloc1.o(.emb_text)
    ADC1_IRQHandler                          0x08000187   Thumb Code     0  startup_stm32g031xx.o(.text)
    DMA1_Ch4_5_DMAMUX1_OVR_IRQHandler        0x08000187   Thumb Code     0  startup_stm32g031xx.o(.text)
    DMA1_Channel1_IRQHandler                 0x08000187   Thumb Code     0  startup_stm32g031xx.o(.text)
    DMA1_Channel2_3_IRQHandler               0x08000187   Thumb Code     0  startup_stm32g031xx.o(.text)
    FLASH_IRQHandler                         0x08000187   Thumb Code     0  startup_stm32g031xx.o(.text)
    I2C2_IRQHandler                          0x08000187   Thumb Code     0  startup_stm32g031xx.o(.text)
    LPTIM1_IRQHandler                        0x08000187   Thumb Code     0  startup_stm32g031xx.o(.text)
    LPTIM2_IRQHandler                        0x08000187   Thumb Code     0  startup_stm32g031xx.o(.text)
    LPUART1_IRQHandler                       0x08000187   Thumb Code     0  startup_stm32g031xx.o(.text)
    PVD_IRQHandler                           0x08000187   Thumb Code     0  startup_stm32g031xx.o(.text)
    RCC_IRQHandler                           0x08000187   Thumb Code     0  startup_stm32g031xx.o(.text)
    RTC_TAMP_IRQHandler                      0x08000187   Thumb Code     0  startup_stm32g031xx.o(.text)
    SPI1_IRQHandler                          0x08000187   Thumb Code     0  startup_stm32g031xx.o(.text)
    SPI2_IRQHandler                          0x08000187   Thumb Code     0  startup_stm32g031xx.o(.text)
    TIM14_IRQHandler                         0x08000187   Thumb Code     0  startup_stm32g031xx.o(.text)
    TIM16_IRQHandler                         0x08000187   Thumb Code     0  startup_stm32g031xx.o(.text)
    TIM17_IRQHandler                         0x08000187   Thumb Code     0  startup_stm32g031xx.o(.text)
    TIM1_BRK_UP_TRG_COM_IRQHandler           0x08000187   Thumb Code     0  startup_stm32g031xx.o(.text)
    TIM1_CC_IRQHandler                       0x08000187   Thumb Code     0  startup_stm32g031xx.o(.text)
    TIM2_IRQHandler                          0x08000187   Thumb Code     0  startup_stm32g031xx.o(.text)
    TIM3_IRQHandler                          0x08000187   Thumb Code     0  startup_stm32g031xx.o(.text)
    USART1_IRQHandler                        0x08000187   Thumb Code     0  startup_stm32g031xx.o(.text)
    USART2_IRQHandler                        0x08000187   Thumb Code     0  startup_stm32g031xx.o(.text)
    WWDG_IRQHandler                          0x08000187   Thumb Code     0  startup_stm32g031xx.o(.text)
    __user_initial_stackheap                 0x08000189   Thumb Code     0  startup_stm32g031xx.o(.text)
    __aeabi_atexit                           0x080001ad   Thumb Code    42  aeabi_atexit.o(.text)
    _memset_w                                0x080001d7   Thumb Code    26  rt_memclr.o(.text)
    _memset                                  0x080001f1   Thumb Code    30  rt_memclr.o(.text)
    __aeabi_memclr                           0x0800020f   Thumb Code     4  rt_memclr.o(.text)
    __rt_memclr                              0x0800020f   Thumb Code     0  rt_memclr.o(.text)
    __aeabi_memclr4                          0x08000213   Thumb Code     0  rt_memclr.o(.text)
    __aeabi_memclr8                          0x08000213   Thumb Code     0  rt_memclr.o(.text)
    __rt_memclr_w                            0x08000213   Thumb Code     4  rt_memclr.o(.text)
    __aeabi_uidiv                            0x08000217   Thumb Code     0  aeabi_sdiv.o(.text)
    __aeabi_uidivmod                         0x08000217   Thumb Code    20  aeabi_sdiv.o(.text)
    __aeabi_idiv                             0x0800022b   Thumb Code     0  aeabi_sdiv.o(.text)
    __aeabi_idivmod                          0x0800022b   Thumb Code   326  aeabi_sdiv.o(.text)
    __use_two_region_memory                  0x08000371   Thumb Code     2  heapauxi.o(.text)
    __rt_heap_escrow                         0x08000373   Thumb Code     2  heapauxi.o(.text)
    __rt_heap_expand                         0x08000375   Thumb Code     2  heapauxi.o(.text)
    __cpp_initialize__aeabi_                 0x08000379   Thumb Code    26  init_aeabi.o(.text)
    __rt_ddtor_pointer_addr                  0x0800039d   Thumb Code     8  rt_ddtor_pointer_addr_intlibspace.o(.text)
    malloc                                   0x080003a5   Thumb Code    98  h1_alloc.o(.text)
    __cxa_finalize                           0x08000407   Thumb Code    66  cxa_finalize.o(.text)
    __user_libspace                          0x08000449   Thumb Code     8  libspace.o(.text)
    __user_perproc_libspace                  0x08000449   Thumb Code     0  libspace.o(.text)
    __user_perthread_libspace                0x08000449   Thumb Code     0  libspace.o(.text)
    __rt_heap_descriptor                     0x08000451   Thumb Code     8  rt_heap_descriptor_intlibspace.o(.text)
    __use_no_heap                            0x08000459   Thumb Code     2  hguard.o(.text)
    __heap$guard                             0x0800045b   Thumb Code     2  hguard.o(.text)
    _terminate_user_alloc                    0x0800045d   Thumb Code     2  init_alloc.o(.text)
    _init_user_alloc                         0x0800045f   Thumb Code     2  init_alloc.o(.text)
    __Heap_Full                              0x08000461   Thumb Code    32  init_alloc.o(.text)
    __Heap_Broken                            0x08000481   Thumb Code    10  init_alloc.o(.text)
    _init_alloc                              0x0800048b   Thumb Code    90  init_alloc.o(.text)
    __Heap_Initialize                        0x080004e5   Thumb Code    10  h1_init.o(.text)
    __Heap_DescSize                          0x080004ef   Thumb Code     4  h1_init.o(.text)
    free                                     0x080004f3   Thumb Code    76  h1_free.o(.text)
    __sig_exit                               0x0800053f   Thumb Code    12  defsig_exit.o(.text)
    _sys_exit                                0x0800054d   Thumb Code     8  sys_exit.o(.text)
    __user_setup_stackheap                   0x08000559   Thumb Code    62  sys_stackheap_outer.o(.text)
    __Heap_ProvideMemory                     0x08000597   Thumb Code    52  h1_extend.o(.text)
    exit                                     0x080005cb   Thumb Code    16  exit.o(.text)
    __default_signal_display                 0x080005db   Thumb Code    52  defsig_general.o(.text)
    __rt_SIGRTMEM                            0x0800060f   Thumb Code    12  defsig_rtmem_outer.o(.text)
    _ttywrch                                 0x0800061b   Thumb Code    12  sys_wrch.o(.text)
    __I$use$semihosting                      0x08000627   Thumb Code     0  use_no_semi.o(.text)
    __use_no_semihosting_swi                 0x08000627   Thumb Code     2  use_no_semi.o(.text)
    __rt_SIGRTMEM_inner                      0x08000629   Thumb Code    22  defsig_rtmem_inner.o(.text)
    __semihosting_library_function           0x08000629   Thumb Code     0  indicate_semi.o(.text)
    Address_Matching_Callback                0x08000679   Thumb Code    10  main.o(i.Address_Matching_Callback)
    Delay_Init                               0x08000689   Thumb Code    60  delay.o(i.Delay_Init)
    EXTI0_1_IRQHandler                       0x080006d1   Thumb Code    54  exti.o(i.EXTI0_1_IRQHandler)
    EXTI2_3_IRQHandler                       0x0800070d   Thumb Code    54  exti.o(i.EXTI2_3_IRQHandler)
    EXTI4_15_IRQHandler                      0x08000749   Thumb Code    24  main.o(i.EXTI4_15_IRQHandler)
    Error_Handler                            0x08000765   Thumb Code     4  main.o(i.Error_Handler)
    GPIOx_Init                               0x08000769   Thumb Code   166  gpio.o(i.GPIOx_Init)
    HardFault_Handler                        0x08000825   Thumb Code     2  stm32g0xx_it.o(i.HardFault_Handler)
    I2C1_IRQHandler                          0x08000829   Thumb Code    92  stm32g0xx_it.o(i.I2C1_IRQHandler)
    I2C_read_reg                             0x08000889   Thumb Code   180  i2c.o(i.I2C_read_reg)
    I2C_write_reg                            0x08000949   Thumb Code   156  i2c.o(i.I2C_write_reg)
    LL_EXTI_Init                             0x08000a15   Thumb Code   160  stm32g0xx_ll_exti.o(i.LL_EXTI_Init)
    LL_GPIO_Init                             0x08000acd   Thumb Code   172  stm32g0xx_ll_gpio.o(i.LL_GPIO_Init)
    LL_I2C_Init                              0x08000b9d   Thumb Code   108  stm32g0xx_ll_i2c.o(i.LL_I2C_Init)
    LL_Init1msTick                           0x08000c21   Thumb Code    26  stm32g0xx_ll_utils.o(i.LL_Init1msTick)
    LL_RCC_GetSystemClocksFreq               0x08000c41   Thumb Code    24  stm32g0xx_ll_rcc.o(i.LL_RCC_GetSystemClocksFreq)
    LL_RCC_GetUSARTClockFreq                 0x08000c59   Thumb Code    84  stm32g0xx_ll_rcc.o(i.LL_RCC_GetUSARTClockFreq)
    LL_SetSystemCoreClock                    0x08000d05   Thumb Code     6  stm32g0xx_ll_utils.o(i.LL_SetSystemCoreClock)
    LL_USART_Init                            0x08000d11   Thumb Code   204  stm32g0xx_ll_usart.o(i.LL_USART_Init)
    MX_I2C1_Init                             0x08000df1   Thumb Code   218  i2c.o(i.MX_I2C1_Init)
    MX_I2C2_Init                             0x08000ee9   Thumb Code   162  i2c.o(i.MX_I2C2_Init)
    MX_IWDG_Init                             0x08000f99   Thumb Code    30  iwdg.o(i.MX_IWDG_Init)
    MX_USART2_UART_Init                      0x08000fcd   Thumb Code   182  usart.o(i.MX_USART2_UART_Init)
    NMI_Handler                              0x0800108d   Thumb Code     2  stm32g0xx_it.o(i.NMI_Handler)
    PendSV_Handler                           0x0800108f   Thumb Code     2  stm32g0xx_it.o(i.PendSV_Handler)
    SVC_Handler                              0x08001131   Thumb Code     2  stm32g0xx_it.o(i.SVC_Handler)
    Slave_Complete_Callback                  0x08001135   Thumb Code    20  main.o(i.Slave_Complete_Callback)
    Slave_Reception_Callback                 0x0800114d   Thumb Code   322  main.o(i.Slave_Reception_Callback)
    Slave_Sending_Callback                   0x0800129d   Thumb Code    18  main.o(i.Slave_Sending_Callback)
    SysTick_Handler                          0x080012bd   Thumb Code    10  delay.o(i.SysTick_Handler)
    SystemCoreClockUpdate                    0x080012cd   Thumb Code   126  system_stm32g0xx.o(i.SystemCoreClockUpdate)
    SystemInit                               0x0800135d   Thumb Code     2  system_stm32g0xx.o(i.SystemInit)
    ZT7548_INT()                             0x08001361   Thumb Code    56  main.o(i._Z10ZT7548_INTv)
    MX_GPIO_Init()                           0x080013a1   Thumb Code   168  main.o(i._Z12MX_GPIO_Initv)
    SystemClock_Config()                     0x0800145d   Thumb Code   140  main.o(i._Z18SystemClock_Configv)
    TwoWire::TwoWire(unsigned char, unsigned char, unsigned char) 0x08001515   Thumb Code    18  wire.o(i._ZN7TwoWireC1Ehhh)
    TwoWire::TwoWire__sub_object(unsigned char, unsigned char, unsigned char) 0x08001515   Thumb Code     0  wire.o(i._ZN7TwoWireC1Ehhh)
    TwoWire::~TwoWire()                      0x0800152d   Thumb Code    16  wire.o(i._ZN7TwoWireD1Ev)
    TwoWire::~TwoWire__sub_object()          0x0800152d   Thumb Code     0  wire.o(i._ZN7TwoWireD1Ev)
    delay_ms                                 0x080015cd   Thumb Code    14  delay.o(i.delay_ms)
    delay_us                                 0x080015e1   Thumb Code    64  delay.o(i.delay_us)
    digitalWrite                             0x0800162d   Thumb Code    28  arduino.o(i.digitalWrite)
    main                                     0x0800164d   Thumb Code   244  main.o(i.main)
    pinMode                                  0x08001755   Thumb Code    52  arduino.o(i.pinMode)
    AHBPrescTable                            0x080017bc   Data          64  system_stm32g0xx.o(.constdata)
    APBPrescTable                            0x080017fc   Data          32  system_stm32g0xx.o(.constdata)
    PIN_MAP                                  0x0800181c   Data        1920  gpio.o(.constdata)
    vtable for TwoWire                       0x08001f9c   Data          16  wire.o(.constdata__ZTV7TwoWire)
    Region$$Table$$Base                      0x08001fac   Number         0  anon$$obj.o(Region$$Table)
    Region$$Table$$Limit                     0x08001fcc   Number         0  anon$$obj.o(Region$$Table)
    SHT$$INIT_ARRAY$$Base                    0x08001fcc   Number         0  main.o(.init_array)
    SHT$$INIT_ARRAY$$Limit                   0x08001fd4   Number         0  init_aeabi.o(.init_array)
    Rx_Idx_IIC1                              0x20000000   Data           1  main.o(.data)
    Tx_Idx_IIC1                              0x20000001   Data           1  main.o(.data)
    flag                                     0x20000002   Data           1  main.o(.data)
    SystemCoreClock                          0x20000004   Data           4  system_stm32g0xx.o(.data)
    ZT7548                                   0x2000000c   Data          88  main.o(.bss)
    Buffer_Rx_IIC1                           0x20000064   Data          40  main.o(.bss)
    Response_Message                         0x2000008c   Data          40  main.o(.bss)
    read_buf                                 0x200000b4   Data          40  main.o(.bss)
    cmd_buf                                  0x200000dc   Data          10  main.o(.bss)
    Wire                                     0x200000e8   Data          88  wire.o(.bss)
    __libspace_start                         0x20000180   Data          96  libspace.o(.bss)
    __temporary_stack_top$libspace           0x200001e0   Data           0  libspace.o(.bss)



==============================================================================

Memory Map of the image

  Image Entry point : 0x080000c1

  Load Region LR_IROM1 (Base: 0x08000000, Size: 0x00001fe0, Max: 0x00004000, ABSOLUTE)

    Execution Region ER_IROM1 (Exec base: 0x08000000, Load base: 0x08000000, Size: 0x00001fd4, Max: 0x00004000, ABSOLUTE)

    Exec Addr    Load Addr    Size         Type   Attr      Idx    E Section Name        Object

    0x08000000   0x08000000   0x000000c0   Data   RO            3    RESET               startup_stm32g031xx.o
    0x080000c0   0x080000c0   0x00000008   Code   RO         2128  * !!!main             c_p.l(__main.o)
    0x080000c8   0x080000c8   0x0000003c   Code   RO         2588    !!!scatter          c_p.l(__scatter.o)
    0x08000104   0x08000104   0x0000001a   Code   RO         2590    !!handler_copy      c_p.l(__scatter_copy.o)
    0x0800011e   0x0800011e   0x00000002   PAD
    0x08000120   0x08000120   0x0000001c   Code   RO         2592    !!handler_zi        c_p.l(__scatter_zi.o)
    0x0800013c   0x0800013c   0x00000002   Code   RO         2536    .ARM.Collect$$libinit$$00000000  c_p.l(libinit.o)
    0x0800013e   0x0800013e   0x00000000   Code   RO         2330    .ARM.Collect$$libinit$$00000002  c_p.l(libinit2.o)
    0x0800013e   0x0800013e   0x00000000   Code   RO         2332    .ARM.Collect$$libinit$$00000004  c_p.l(libinit2.o)
    0x0800013e   0x0800013e   0x00000008   Code   RO         2333    .ARM.Collect$$libinit$$00000005  c_p.l(libinit2.o)
    0x08000146   0x08000146   0x00000000   Code   RO         2335    .ARM.Collect$$libinit$$0000000A  c_p.l(libinit2.o)
    0x08000146   0x08000146   0x00000000   Code   RO         2337    .ARM.Collect$$libinit$$0000000C  c_p.l(libinit2.o)
    0x08000146   0x08000146   0x00000000   Code   RO         2339    .ARM.Collect$$libinit$$0000000E  c_p.l(libinit2.o)
    0x08000146   0x08000146   0x00000000   Code   RO         2342    .ARM.Collect$$libinit$$00000011  c_p.l(libinit2.o)
    0x08000146   0x08000146   0x00000000   Code   RO         2344    .ARM.Collect$$libinit$$00000013  c_p.l(libinit2.o)
    0x08000146   0x08000146   0x00000000   Code   RO         2346    .ARM.Collect$$libinit$$00000015  c_p.l(libinit2.o)
    0x08000146   0x08000146   0x00000000   Code   RO         2348    .ARM.Collect$$libinit$$00000017  c_p.l(libinit2.o)
    0x08000146   0x08000146   0x00000000   Code   RO         2350    .ARM.Collect$$libinit$$00000019  c_p.l(libinit2.o)
    0x08000146   0x08000146   0x00000000   Code   RO         2352    .ARM.Collect$$libinit$$0000001B  c_p.l(libinit2.o)
    0x08000146   0x08000146   0x00000000   Code   RO         2354    .ARM.Collect$$libinit$$0000001D  c_p.l(libinit2.o)
    0x08000146   0x08000146   0x00000000   Code   RO         2356    .ARM.Collect$$libinit$$0000001F  c_p.l(libinit2.o)
    0x08000146   0x08000146   0x00000000   Code   RO         2358    .ARM.Collect$$libinit$$00000021  c_p.l(libinit2.o)
    0x08000146   0x08000146   0x00000000   Code   RO         2360    .ARM.Collect$$libinit$$00000023  c_p.l(libinit2.o)
    0x08000146   0x08000146   0x00000000   Code   RO         2362    .ARM.Collect$$libinit$$00000025  c_p.l(libinit2.o)
    0x08000146   0x08000146   0x00000000   Code   RO         2366    .ARM.Collect$$libinit$$0000002C  c_p.l(libinit2.o)
    0x08000146   0x08000146   0x00000000   Code   RO         2368    .ARM.Collect$$libinit$$0000002E  c_p.l(libinit2.o)
    0x08000146   0x08000146   0x00000000   Code   RO         2370    .ARM.Collect$$libinit$$00000030  c_p.l(libinit2.o)
    0x08000146   0x08000146   0x00000004   Code   RO         2371    .ARM.Collect$$libinit$$00000031  c_p.l(libinit2.o)
    0x0800014a   0x0800014a   0x00000000   Code   RO         2372    .ARM.Collect$$libinit$$00000032  c_p.l(libinit2.o)
    0x0800014a   0x0800014a   0x00000002   Code   RO         2373    .ARM.Collect$$libinit$$00000033  c_p.l(libinit2.o)
    0x0800014c   0x0800014c   0x00000002   Code   RO         2585    .ARM.Collect$$libshutdown$$00000000  c_p.l(libshutdown.o)
    0x0800014e   0x0800014e   0x00000000   Code   RO         2456    .ARM.Collect$$libshutdown$$00000002  c_p.l(libshutdown2.o)
    0x0800014e   0x0800014e   0x00000006   Code   RO         2457    .ARM.Collect$$libshutdown$$00000003  c_p.l(libshutdown2.o)
    0x08000154   0x08000154   0x00000000   Code   RO         2458    .ARM.Collect$$libshutdown$$00000004  c_p.l(libshutdown2.o)
    0x08000154   0x08000154   0x00000000   Code   RO         2460    .ARM.Collect$$libshutdown$$00000006  c_p.l(libshutdown2.o)
    0x08000154   0x08000154   0x00000000   Code   RO         2463    .ARM.Collect$$libshutdown$$00000009  c_p.l(libshutdown2.o)
    0x08000154   0x08000154   0x00000000   Code   RO         2466    .ARM.Collect$$libshutdown$$0000000C  c_p.l(libshutdown2.o)
    0x08000154   0x08000154   0x00000000   Code   RO         2468    .ARM.Collect$$libshutdown$$0000000E  c_p.l(libshutdown2.o)
    0x08000154   0x08000154   0x00000000   Code   RO         2471    .ARM.Collect$$libshutdown$$00000011  c_p.l(libshutdown2.o)
    0x08000154   0x08000154   0x00000002   Code   RO         2472    .ARM.Collect$$libshutdown$$00000012  c_p.l(libshutdown2.o)
    0x08000156   0x08000156   0x00000000   Code   RO         2252    .ARM.Collect$$rtentry$$00000000  c_p.l(__rtentry.o)
    0x08000156   0x08000156   0x00000000   Code   RO         2394    .ARM.Collect$$rtentry$$00000002  c_p.l(__rtentry2.o)
    0x08000156   0x08000156   0x00000006   Code   RO         2406    .ARM.Collect$$rtentry$$00000004  c_p.l(__rtentry4.o)
    0x0800015c   0x0800015c   0x00000000   Code   RO         2396    .ARM.Collect$$rtentry$$00000009  c_p.l(__rtentry2.o)
    0x0800015c   0x0800015c   0x00000004   Code   RO         2397    .ARM.Collect$$rtentry$$0000000A  c_p.l(__rtentry2.o)
    0x08000160   0x08000160   0x00000000   Code   RO         2399    .ARM.Collect$$rtentry$$0000000C  c_p.l(__rtentry2.o)
    0x08000160   0x08000160   0x00000008   Code   RO         2400    .ARM.Collect$$rtentry$$0000000D  c_p.l(__rtentry2.o)
    0x08000168   0x08000168   0x00000002   Code   RO         2546    .ARM.Collect$$rtexit$$00000000  c_p.l(rtexit.o)
    0x0800016a   0x0800016a   0x00000000   Code   RO         2561    .ARM.Collect$$rtexit$$00000002  c_p.l(rtexit2.o)
    0x0800016a   0x0800016a   0x00000004   Code   RO         2562    .ARM.Collect$$rtexit$$00000003  c_p.l(rtexit2.o)
    0x0800016e   0x0800016e   0x00000006   Code   RO         2563    .ARM.Collect$$rtexit$$00000004  c_p.l(rtexit2.o)
    0x08000174   0x08000174   0x00000000   Code   RO         2502    .emb_text           c_p.l(maybetermalloc1.o)
    0x08000174   0x08000174   0x00000038   Code   RO            4    .text               startup_stm32g031xx.o
    0x080001ac   0x080001ac   0x0000002a   Code   RO         2117    .text               c_p.l(aeabi_atexit.o)
    0x080001d6   0x080001d6   0x00000040   Code   RO         2120    .text               c_p.l(rt_memclr.o)
    0x08000216   0x08000216   0x0000015a   Code   RO         2122    .text               c_p.l(aeabi_sdiv.o)
    0x08000370   0x08000370   0x00000006   Code   RO         2126    .text               c_p.l(heapauxi.o)
    0x08000376   0x08000376   0x00000002   PAD
    0x08000378   0x08000378   0x00000024   Code   RO         2133    .text               c_p.l(init_aeabi.o)
    0x0800039c   0x0800039c   0x00000008   Code   RO         2264    .text               c_p.l(rt_ddtor_pointer_addr_intlibspace.o)
    0x080003a4   0x080003a4   0x00000062   Code   RO         2268    .text               c_p.l(h1_alloc.o)
    0x08000406   0x08000406   0x00000042   Code   RO         2322    .text               c_p.l(cxa_finalize.o)
    0x08000448   0x08000448   0x00000008   Code   RO         2388    .text               c_p.l(libspace.o)
    0x08000450   0x08000450   0x00000008   Code   RO         2415    .text               c_p.l(rt_heap_descriptor_intlibspace.o)
    0x08000458   0x08000458   0x00000004   Code   RO         2417    .text               c_p.l(hguard.o)
    0x0800045c   0x0800045c   0x00000088   Code   RO         2419    .text               c_p.l(init_alloc.o)
    0x080004e4   0x080004e4   0x0000000e   Code   RO         2425    .text               c_p.l(h1_init.o)
    0x080004f2   0x080004f2   0x0000004c   Code   RO         2427    .text               c_p.l(h1_free.o)
    0x0800053e   0x0800053e   0x0000000c   Code   RO         2443    .text               c_p.l(defsig_exit.o)
    0x0800054a   0x0800054a   0x00000002   PAD
    0x0800054c   0x0800054c   0x0000000c   Code   RO         2490    .text               c_p.l(sys_exit.o)
    0x08000558   0x08000558   0x0000003e   Code   RO         2492    .text               c_p.l(sys_stackheap_outer.o)
    0x08000596   0x08000596   0x00000034   Code   RO         2504    .text               c_p.l(h1_extend.o)
    0x080005ca   0x080005ca   0x00000010   Code   RO         2508    .text               c_p.l(exit.o)
    0x080005da   0x080005da   0x00000034   Code   RO         2514    .text               c_p.l(defsig_general.o)
    0x0800060e   0x0800060e   0x0000000c   Code   RO         2520    .text               c_p.l(defsig_rtmem_outer.o)
    0x0800061a   0x0800061a   0x0000000c   Code   RO         2540    .text               c_p.l(sys_wrch.o)
    0x08000626   0x08000626   0x00000002   Code   RO         2542    .text               c_p.l(use_no_semi.o)
    0x08000628   0x08000628   0x00000000   Code   RO         2544    .text               c_p.l(indicate_semi.o)
    0x08000628   0x08000628   0x00000050   Code   RO         2556    .text               c_p.l(defsig_rtmem_inner.o)
    0x08000678   0x08000678   0x00000010   Code   RO          257    i.Address_Matching_Callback  main.o
    0x08000688   0x08000688   0x00000048   Code   RO         1975    i.Delay_Init        delay.o
    0x080006d0   0x080006d0   0x0000003c   Code   RO         2041    i.EXTI0_1_IRQHandler  exti.o
    0x0800070c   0x0800070c   0x0000003c   Code   RO         2042    i.EXTI2_3_IRQHandler  exti.o
    0x08000748   0x08000748   0x0000001c   Code   RO          258    i.EXTI4_15_IRQHandler  main.o
    0x08000764   0x08000764   0x00000004   Code   RO          260    i.Error_Handler     main.o
    0x08000768   0x08000768   0x000000bc   Code   RO         1931    i.GPIOx_Init        gpio.o
    0x08000824   0x08000824   0x00000002   Code   RO          207    i.HardFault_Handler  stm32g0xx_it.o
    0x08000826   0x08000826   0x00000002   PAD
    0x08000828   0x08000828   0x00000060   Code   RO          208    i.I2C1_IRQHandler   stm32g0xx_it.o
    0x08000888   0x08000888   0x000000c0   Code   RO           12    i.I2C_read_reg      i2c.o
    0x08000948   0x08000948   0x000000a4   Code   RO           13    i.I2C_write_reg     i2c.o
    0x080009ec   0x080009ec   0x00000018   Code   RO           14    i.LL_APB1_GRP1_EnableClock  i2c.o
    0x08000a04   0x08000a04   0x00000010   Code   RO         2045    i.LL_EXTI_DisableIT_0_31  exti.o
    0x08000a14   0x08000a14   0x000000a4   Code   RO          565    i.LL_EXTI_Init      stm32g0xx_ll_exti.o
    0x08000ab8   0x08000ab8   0x00000014   Code   RO         2046    i.LL_EXTI_IsEnabledIT_0_31  exti.o
    0x08000acc   0x08000acc   0x000000ac   Code   RO          600    i.LL_GPIO_Init      stm32g0xx_ll_gpio.o
    0x08000b78   0x08000b78   0x00000024   Code   RO           15    i.LL_I2C_HandleTransfer  i2c.o
    0x08000b9c   0x08000b9c   0x0000006c   Code   RO          648    i.LL_I2C_Init       stm32g0xx_ll_i2c.o
    0x08000c08   0x08000c08   0x00000018   Code   RO           16    i.LL_IOP_GRP1_EnableClock  i2c.o
    0x08000c20   0x08000c20   0x00000020   Code   RO          485    i.LL_Init1msTick    stm32g0xx_ll_utils.o
    0x08000c40   0x08000c40   0x00000018   Code   RO          738    i.LL_RCC_GetSystemClocksFreq  stm32g0xx_ll_rcc.o
    0x08000c58   0x08000c58   0x0000005c   Code   RO          740    i.LL_RCC_GetUSARTClockFreq  stm32g0xx_ll_rcc.o
    0x08000cb4   0x08000cb4   0x00000010   Code   RO          741    i.LL_RCC_HSI_IsReady  stm32g0xx_ll_rcc.o
    0x08000cc4   0x08000cc4   0x00000010   Code   RO          742    i.LL_RCC_LSE_IsReady  stm32g0xx_ll_rcc.o
    0x08000cd4   0x08000cd4   0x00000010   Code   RO          743    i.LL_RCC_PLL_GetDivider  stm32g0xx_ll_rcc.o
    0x08000ce4   0x08000ce4   0x00000010   Code   RO          744    i.LL_RCC_PLL_GetMainSource  stm32g0xx_ll_rcc.o
    0x08000cf4   0x08000cf4   0x00000010   Code   RO          745    i.LL_RCC_PLL_GetN   stm32g0xx_ll_rcc.o
    0x08000d04   0x08000d04   0x0000000c   Code   RO          490    i.LL_SetSystemCoreClock  stm32g0xx_ll_utils.o
    0x08000d10   0x08000d10   0x000000e0   Code   RO          880    i.LL_USART_Init     stm32g0xx_ll_usart.o
    0x08000df0   0x08000df0   0x000000f8   Code   RO           17    i.MX_I2C1_Init      i2c.o
    0x08000ee8   0x08000ee8   0x000000b0   Code   RO           18    i.MX_I2C2_Init      i2c.o
    0x08000f98   0x08000f98   0x00000034   Code   RO          143    i.MX_IWDG_Init      iwdg.o
    0x08000fcc   0x08000fcc   0x000000c0   Code   RO          181    i.MX_USART2_UART_Init  usart.o
    0x0800108c   0x0800108c   0x00000002   Code   RO          209    i.NMI_Handler       stm32g0xx_it.o
    0x0800108e   0x0800108e   0x00000002   Code   RO          210    i.PendSV_Handler    stm32g0xx_it.o
    0x08001090   0x08001090   0x00000020   Code   RO          747    i.RCC_GetHCLKClockFreq  stm32g0xx_ll_rcc.o
    0x080010b0   0x080010b0   0x00000020   Code   RO          748    i.RCC_GetPCLK1ClockFreq  stm32g0xx_ll_rcc.o
    0x080010d0   0x080010d0   0x00000060   Code   RO          749    i.RCC_GetSystemClockFreq  stm32g0xx_ll_rcc.o
    0x08001130   0x08001130   0x00000002   Code   RO          211    i.SVC_Handler       stm32g0xx_it.o
    0x08001132   0x08001132   0x00000002   PAD
    0x08001134   0x08001134   0x00000018   Code   RO          261    i.Slave_Complete_Callback  main.o
    0x0800114c   0x0800114c   0x00000150   Code   RO          262    i.Slave_Reception_Callback  main.o
    0x0800129c   0x0800129c   0x00000020   Code   RO          263    i.Slave_Sending_Callback  main.o
    0x080012bc   0x080012bc   0x00000010   Code   RO         1977    i.SysTick_Handler   delay.o
    0x080012cc   0x080012cc   0x00000090   Code   RO         1485    i.SystemCoreClockUpdate  system_stm32g0xx.o
    0x0800135c   0x0800135c   0x00000002   Code   RO         1486    i.SystemInit        system_stm32g0xx.o
    0x0800135e   0x0800135e   0x00000002   PAD
    0x08001360   0x08001360   0x00000040   Code   RO          264    i._Z10ZT7548_INTv   main.o
    0x080013a0   0x080013a0   0x000000bc   Code   RO          265    i._Z12MX_GPIO_Initv  main.o
    0x0800145c   0x0800145c   0x000000a0   Code   RO          266    i._Z18SystemClock_Configv  main.o
    0x080014fc   0x080014fc   0x00000018   Code   RO          267    i._Z23LL_IOP_GRP1_EnableClockj  main.o
    0x08001514   0x08001514   0x00000018   Code   RO         1530    i._ZN7TwoWireC1Ehhh  wire.o
    0x0800152c   0x0800152c   0x00000014   Code   RO         1531    i._ZN7TwoWireD1Ev   wire.o
    0x08001540   0x08001540   0x00000044   Code   RO         1978    i.__NVIC_SetPriority  delay.o
    0x08001584   0x08001584   0x00000024   Code   RO         1532    i.__sti___8_Wire_cpp_928ee5ff  wire.o
    0x080015a8   0x080015a8   0x00000024   Code   RO          268    i.__sti___8_main_cpp_ZT7548  main.o
    0x080015cc   0x080015cc   0x00000014   Code   RO         1979    i.delay_ms          delay.o
    0x080015e0   0x080015e0   0x0000004c   Code   RO         1980    i.delay_us          delay.o
    0x0800162c   0x0800162c   0x00000020   Code   RO         1815    i.digitalWrite      arduino.o
    0x0800164c   0x0800164c   0x00000108   Code   RO          269    i.main              main.o
    0x08001754   0x08001754   0x00000038   Code   RO         1818    i.pinMode           arduino.o
    0x0800178c   0x0800178c   0x00000030   Data   RO          882    .constdata          stm32g0xx_ll_usart.o
    0x080017bc   0x080017bc   0x00000040   Data   RO         1487    .constdata          system_stm32g0xx.o
    0x080017fc   0x080017fc   0x00000020   Data   RO         1488    .constdata          system_stm32g0xx.o
    0x0800181c   0x0800181c   0x00000780   Data   RO         1932    .constdata          gpio.o
    0x08001f9c   0x08001f9c   0x00000010   Data   RO         1614    .constdata__ZTV7TwoWire  wire.o
    0x08001fac   0x08001fac   0x00000020   Data   RO         2586    Region$$Table       anon$$obj.o
    0x08001fcc   0x08001fcc   0x00000004   Data   RO          285    .init_array         main.o
    0x08001fd0   0x08001fcc   0x00000004   Data   RO         1548    .init_array         wire.o
    0x08001fd4   0x08001fcc   0x00000000   Data   RO         2131    .init_array         c_p.l(init_aeabi.o)


    Execution Region RW_IRAM1 (Exec base: 0x20000000, Load base: 0x08001fd4, Size: 0x000007e0, Max: 0x00002000, ABSOLUTE)

    Exec Addr    Load Addr    Size         Type   Attr      Idx    E Section Name        Object

    0x20000000   0x08001fd4   0x00000003   Data   RW          284    .data               main.o
    0x20000003   0x08001fd7   0x00000001   PAD
    0x20000004   0x08001fd8   0x00000004   Data   RW         1489    .data               system_stm32g0xx.o
    0x20000008   0x08001fdc   0x00000004   Data   RW         1983    .data               delay.o
    0x2000000c        -       0x000000da   Zero   RW          283    .bss                main.o
    0x200000e6   0x08001fe0   0x00000002   PAD
    0x200000e8        -       0x00000058   Zero   RW         1547    .bss                wire.o
    0x20000140        -       0x00000040   Zero   RW         2049    .bss                exti.o
    0x20000180        -       0x00000060   Zero   RW         2389    .bss                c_p.l(libspace.o)
    0x200001e0        -       0x00000200   Zero   RW            2    HEAP                startup_stm32g031xx.o
    0x200003e0        -       0x00000400   Zero   RW            1    STACK               startup_stm32g031xx.o


==============================================================================

Image component sizes


      Code (inc. data)   RO Data    RW Data    ZI Data      Debug   Object Name

        88          8          0          0          0       3563   arduino.o
       252         44          0          4          0      12941   delay.o
       156         22          0          0         64       7402   exti.o
       188         22       1920          0          0       7271   gpio.o
       864         80          0          0          0     339689   i2c.o
        52         22          0          0          0      20663   iwdg.o
      1176        128          4          3        218     358909   main.o
        56         26        192          0       1536        660   startup_stm32g031xx.o
       104          4          0          0          0      14919   stm32g0xx_it.o
       164          4          0          0          0       7051   stm32g0xx_ll_exti.o
       172          0          0          0          0       7015   stm32g0xx_ll_gpio.o
       108          0          0          0          0      14670   stm32g0xx_ll_i2c.o
       356         64          0          0          0      25472   stm32g0xx_ll_rcc.o
       224         20         48          0          0      27596   stm32g0xx_ll_usart.o
        44         12          0          0          0       6093   stm32g0xx_ll_utils.o
       146         18         96          4          0       2079   system_stm32g0xx.o
       192         10          0          0          0      24150   usart.o
        80         22         20          0         88       6202   wire.o

    ----------------------------------------------------------------------
      4428        506       2312         12       1908     886345   Object Totals
         0          0         32          0          0          0   (incl. Generated)
         6          0          0          1          2          0   (incl. Padding)

    ----------------------------------------------------------------------

      Code (inc. data)   RO Data    RW Data    ZI Data      Debug   Library Member Name

         8          0          0          0          0         68   __main.o
         0          0          0          0          0          0   __rtentry.o
        12          0          0          0          0          0   __rtentry2.o
         6          0          0          0          0          0   __rtentry4.o
        60          8          0          0          0          0   __scatter.o
        26          0          0          0          0          0   __scatter_copy.o
        28          0          0          0          0          0   __scatter_zi.o
        42          0          0          0          0         76   aeabi_atexit.o
       346          0          0          0          0         92   aeabi_sdiv.o
        66          0          0          0          0         76   cxa_finalize.o
        12          0          0          0          0         68   defsig_exit.o
        52          0          0          0          0         72   defsig_general.o
        80         58          0          0          0         68   defsig_rtmem_inner.o
        12          0          0          0          0         68   defsig_rtmem_outer.o
        16          0          0          0          0         68   exit.o
        98          0          0          0          0         72   h1_alloc.o
        52          0          0          0          0         68   h1_extend.o
        76          0          0          0          0         72   h1_free.o
        14          0          0          0          0         76   h1_init.o
         6          0          0          0          0        136   heapauxi.o
         4          0          0          0          0        120   hguard.o
         0          0          0          0          0          0   indicate_semi.o
        36         10          0          0          0         72   init_aeabi.o
       136          0          0          0          0        160   init_alloc.o
         2          0          0          0          0          0   libinit.o
        14          0          0          0          0          0   libinit2.o
         2          0          0          0          0          0   libshutdown.o
         8          0          0          0          0          0   libshutdown2.o
         8          4          0          0         96         68   libspace.o
         0          0          0          0          0          0   maybetermalloc1.o
         8          4          0          0          0         68   rt_ddtor_pointer_addr_intlibspace.o
         8          4          0          0          0         68   rt_heap_descriptor_intlibspace.o
        64          0          0          0          0        108   rt_memclr.o
         2          0          0          0          0          0   rtexit.o
        10          0          0          0          0          0   rtexit2.o
        12          4          0          0          0         60   sys_exit.o
        62          0          0          0          0         80   sys_stackheap_outer.o
        12          0          0          0          0         68   sys_wrch.o
         2          0          0          0          0         68   use_no_semi.o

    ----------------------------------------------------------------------
      1408         92          0          0         96       2020   Library Totals
         6          0          0          0          0          0   (incl. Padding)

    ----------------------------------------------------------------------

      Code (inc. data)   RO Data    RW Data    ZI Data      Debug   Library Name

      1402         92          0          0         96       2020   c_p.l

    ----------------------------------------------------------------------
      1408         92          0          0         96       2020   Library Totals

    ----------------------------------------------------------------------

==============================================================================


      Code (inc. data)   RO Data    RW Data    ZI Data      Debug   

      5836        598       2312         12       2004     884949   Grand Totals
      5836        598       2312         12       2004     884949   ELF Image Totals
      5836        598       2312         12          0          0   ROM Totals

==============================================================================

    Total RO  Size (Code + RO Data)                 8148 (   7.96kB)
    Total RW  Size (RW Data + ZI Data)              2016 (   1.97kB)
    Total ROM Size (Code + RO Data + RW Data)       8160 (   7.97kB)

==============================================================================

